Archive member included to satisfy reference by file (symbol)

/home/arnaud/micro_ros_raspberrypi_pico_sdk/libmicroros/libmicroros.a(librcl-publisher.c.obj)
                              CMakeFiles/pico_micro_ros_example.dir/pico_micro_ros_spok.cpp.o (rcl_publish)
/home/arnaud/micro_ros_raspberrypi_pico_sdk/libmicroros/libmicroros.a(librclc-executor.c.obj)
                              CMakeFiles/pico_micro_ros_example.dir/pico_micro_ros_spok.cpp.o (rclc_executor_init)
/home/arnaud/micro_ros_raspberrypi_pico_sdk/libmicroros/libmicroros.a(librclc-executor_handle.c.obj)
                              /home/arnaud/micro_ros_raspberrypi_pico_sdk/libmicroros/libmicroros.a(librclc-executor.c.obj) (rclc_executor_handle_counters_zero_init)
/home/arnaud/micro_ros_raspberrypi_pico_sdk/libmicroros/libmicroros.a(librclc-init.c.obj)
                              CMakeFiles/pico_micro_ros_example.dir/pico_micro_ros_spok.cpp.o (rclc_support_init)
/home/arnaud/micro_ros_raspberrypi_pico_sdk/libmicroros/libmicroros.a(librclc-node.c.obj)
                              CMakeFiles/pico_micro_ros_example.dir/pico_micro_ros_spok.cpp.o (rclc_node_init_default)
/home/arnaud/micro_ros_raspberrypi_pico_sdk/libmicroros/libmicroros.a(librclc-publisher.c.obj)
                              CMakeFiles/pico_micro_ros_example.dir/pico_micro_ros_spok.cpp.o (rclc_publisher_init_default)
/home/arnaud/micro_ros_raspberrypi_pico_sdk/libmicroros/libmicroros.a(librclc-sleep.c.obj)
                              /home/arnaud/micro_ros_raspberrypi_pico_sdk/libmicroros/libmicroros.a(librclc-executor.c.obj) (rclc_sleep_ms)
/home/arnaud/micro_ros_raspberrypi_pico_sdk/libmicroros/libmicroros.a(librclc-subscription.c.obj)
                              CMakeFiles/pico_micro_ros_example.dir/pico_micro_ros_spok.cpp.o (rclc_subscription_init_default)
/home/arnaud/micro_ros_raspberrypi_pico_sdk/libmicroros/libmicroros.a(librclc-timer.c.obj)
                              CMakeFiles/pico_micro_ros_example.dir/pico_micro_ros_spok.cpp.o (rclc_timer_init_default)
/home/arnaud/micro_ros_raspberrypi_pico_sdk/libmicroros/libmicroros.a(librcutils-allocator.c.obj)
                              CMakeFiles/pico_micro_ros_example.dir/pico_micro_ros_spok.cpp.o (rcutils_get_default_allocator)
/home/arnaud/micro_ros_raspberrypi_pico_sdk/libmicroros/libmicroros.a(librcutils-error_handling.c.obj)
                              /home/arnaud/micro_ros_raspberrypi_pico_sdk/libmicroros/libmicroros.a(librclc-executor.c.obj) (rcutils_reset_error)
/home/arnaud/micro_ros_raspberrypi_pico_sdk/libmicroros/libmicroros.a(librcutils-time_unix.c.obj)
                              /home/arnaud/micro_ros_raspberrypi_pico_sdk/libmicroros/libmicroros.a(librclc-executor.c.obj) (rcutils_system_time_now)
/home/arnaud/micro_ros_raspberrypi_pico_sdk/libmicroros/libmicroros.a(librmw-publisher_options.c.obj)
                              /home/arnaud/micro_ros_raspberrypi_pico_sdk/libmicroros/libmicroros.a(librcl-publisher.c.obj) (rmw_get_default_publisher_options)
/home/arnaud/micro_ros_raspberrypi_pico_sdk/libmicroros/libmicroros.a(librmw_microxrcedds-custom_transport.c.obj)
                              CMakeFiles/pico_micro_ros_example.dir/pico_micro_ros_spok.cpp.o (rmw_uros_set_custom_transport)
/home/arnaud/micro_ros_raspberrypi_pico_sdk/libmicroros/libmicroros.a(librmw_microxrcedds-ping.c.obj)
                              CMakeFiles/pico_micro_ros_example.dir/pico_micro_ros_spok.cpp.o (rmw_uros_ping_agent)
/home/arnaud/micro_ros_raspberrypi_pico_sdk/libmicroros/libmicroros.a(librmw_microxrcedds-rmw_publish.c.obj)
                              /home/arnaud/micro_ros_raspberrypi_pico_sdk/libmicroros/libmicroros.a(librcl-publisher.c.obj) (rmw_publish)
/home/arnaud/micro_ros_raspberrypi_pico_sdk/libmicroros/libmicroros.a(librmw_microxrcedds-rmw_publisher.c.obj)
                              /home/arnaud/micro_ros_raspberrypi_pico_sdk/libmicroros/libmicroros.a(librcl-publisher.c.obj) (rmw_create_publisher)
/home/arnaud/micro_ros_raspberrypi_pico_sdk/libmicroros/libmicroros.a(librmw_microxrcedds-rmw_uxrce_transports.c.obj)
                              /home/arnaud/micro_ros_raspberrypi_pico_sdk/libmicroros/libmicroros.a(librmw_microxrcedds-ping.c.obj) (rmw_uxrce_transport_init)
/home/arnaud/micro_ros_raspberrypi_pico_sdk/libmicroros/libmicroros.a(librmw_microxrcedds-types.c.obj)
                              /home/arnaud/micro_ros_raspberrypi_pico_sdk/libmicroros/libmicroros.a(librmw_microxrcedds-rmw_publisher.c.obj) (rmw_uxrce_fini_publisher_memory)
/home/arnaud/micro_ros_raspberrypi_pico_sdk/libmicroros/libmicroros.a(librmw_microxrcedds-utils.c.obj)
                              /home/arnaud/micro_ros_raspberrypi_pico_sdk/libmicroros/libmicroros.a(librmw_microxrcedds-rmw_publisher.c.obj) (run_xrce_session)
/home/arnaud/micro_ros_raspberrypi_pico_sdk/libmicroros/libmicroros.a(librosidl_runtime_c-message_type_support.c.obj)
[...]
Memory Configuration

Name             Origin             Length             Attributes
FLASH            0x0000000010000000 0x0000000000200000 xr
RAM              0x0000000020000000 0x0000000000040000 xrw
SCRATCH_X        0x0000000020040000 0x0000000000001000 xrw
SCRATCH_Y        0x0000000020041000 0x0000000000001000 xrw
*default*        0x0000000000000000 0xffffffffffffffff

Linker script and memory map

LOAD /usr/lib/gcc/arm-none-eabi/10.3.1/thumb/v6-m/nofp/crti.o
LOAD /usr/lib/gcc/arm-none-eabi/10.3.1/thumb/v6-m/nofp/crtbegin.o
LOAD /usr/lib/gcc/arm-none-eabi/10.3.1/../../../arm-none-eabi/lib/thumb/v6-m/nofp/crt0.o

.flash_begin    0x0000000010000000        0x0
                0x0000000010000000                __flash_binary_start = .

.boot2          0x0000000010000000      0x100
                0x0000000010000000                __boot2_start__ = .
 *(.boot2)
 .boot2         0x0000000010000000      0x100 pico-sdk/src/rp2040/boot_stage2/CMakeFiles/bs2_default_library.dir/bs2_default_padded_checksummed.S.o
                0x0000000010000100                __boot2_end__ = .
                0x0000000000000001                ASSERT (((__boot2_end__ - __boot2_start__) == 0x100), ERROR: Pico second stage bootloader must be 256 bytes in size)

.text           0x0000000010000100    0x15fbc
                0x0000000010000100                __logical_binary_start = .
 *(.vectors)
 .vectors       0x0000000010000100       0xd4 CMakeFiles/pico_micro_ros_example.dir/home/arnaud/pico-sdk/src/rp2_common/pico_crt0/crt0.S.o
                0x0000000010000100                __vectors
                0x0000000010000100                __VECTOR_TABLE
                0x00000000100001c0                isr_invalid
                0x00000000100001c0                __default_isrs_start
                0x00000000100001c2                isr_nmi
                0x00000000100001c4                isr_hardfault
                0x00000000100001c6                isr_svcall
                0x00000000100001c8                isr_pendsv
                0x00000000100001ca                isr_systick
                0x00000000100001cc                isr_irq30
                0x00000000100001cc                __unhandled_user_irq
                0x00000000100001cc                isr_irq13
                0x00000000100001cc                isr_irq27
                0x00000000100001cc                isr_irq31
                0x00000000100001cc                isr_irq5
                0x00000000100001cc                isr_irq11
                0x00000000100001cc                isr_irq23
                0x00000000100001cc                isr_irq18
                0x00000000100001cc                isr_irq28
                0x00000000100001cc                isr_irq19
                0x00000000100001cc                isr_irq0
                0x00000000100001cc                isr_irq6
                0x00000000100001cc                isr_irq22
                0x00000000100001cc                isr_irq17
                0x00000000100001cc                isr_irq14
                0x00000000100001cc                isr_irq2
                0x00000000100001cc                isr_irq10
                0x00000000100001cc                isr_irq8
                0x00000000100001cc                isr_irq24
                0x00000000100001cc                isr_irq1
                0x00000000100001cc                isr_irq7
                0x00000000100001cc                isr_irq21
                0x00000000100001cc                isr_irq20
                0x00000000100001cc                isr_irq15
                0x00000000100001cc                isr_irq25
                0x00000000100001cc                isr_irq4
                0x00000000100001cc                isr_irq16
                0x00000000100001cc                isr_irq29
                0x00000000100001cc                isr_irq26
                0x00000000100001cc                __default_isrs_end
                0x00000000100001cc                isr_irq3
                0x00000000100001cc                isr_irq12
                0x00000000100001cc                isr_irq9
                0x00000000100001d2                unhandled_user_irq_num_in_r0
 *(.binary_info_header)
 .binary_info_header
                0x00000000100001d4       0x14 CMakeFiles/pico_micro_ros_example.dir/home/arnaud/pico-sdk/src/rp2_common/pico_crt0/crt0.S.o
                0x00000000100001e8                __binary_info_header_end = .
 *(.embedded_block)
                0x00000000100001e8                __embedded_block_end = .
 *(.reset)
 .reset         0x00000000100001e8       0x9c CMakeFiles/pico_micro_ros_example.dir/home/arnaud/pico-sdk/src/rp2_common/pico_crt0/crt0.S.o
                0x00000000100001e8                _entry_point
 *(.init)
 .init          0x0000000010000284        0x4 /usr/lib/gcc/arm-none-eabi/10.3.1/thumb/v6-m/nofp/crti.o
                0x0000000010000284                _init
 *(EXCLUDE_FILE(*libm.a: *libc.a:*lib_a-mem*.o *libgcc.a:) .text*)
 .text          0x0000000010000288       0x98 /usr/lib/gcc/arm-none-eabi/10.3.1/thumb/v6-m/nofp/crtbegin.o
 .text._Z21subscription_callbackPKv
                0x0000000010000320       0x10 CMakeFiles/pico_micro_ros_example.dir/pico_micro_ros_spok.cpp.o
                0x0000000010000320                subscription_callback(void const*)
 .text._Z14timer_callbackP11rcl_timer_sx
                0x0000000010000330       0xe4 CMakeFiles/pico_micro_ros_example.dir/pico_micro_ros_spok.cpp.o
                0x0000000010000330                timer_callback(rcl_timer_s*, long long)
 .text.startup.main
                0x0000000010000414      0x210 CMakeFiles/pico_micro_ros_example.dir/pico_micro_ros_spok.cpp.o
                0x0000000010000414                main
 .text.clock_gettime
                0x0000000010000624       0x3c CMakeFiles/pico_micro_ros_example.dir/pico_uart_transport.c.o
                0x0000000010000624                clock_gettime
 .text.pico_serial_transport_open
                0x0000000010000660       0x1c CMakeFiles/pico_micro_ros_example.dir/pico_uart_transport.c.o
                0x0000000010000660                pico_serial_transport_open
 .text.pico_serial_transport_close
                0x000000001000067c        0x4 CMakeFiles/pico_micro_ros_example.dir/pico_uart_transport.c.o
                0x000000001000067c                pico_serial_transport_close
 .text.pico_serial_transport_write
                0x0000000010000680       0x38 CMakeFiles/pico_micro_ros_example.dir/pico_uart_transport.c.o
                0x0000000010000680                pico_serial_transport_write
 .text.pico_serial_transport_read
                0x00000000100006b8       0x64 CMakeFiles/pico_micro_ros_example.dir/pico_uart_transport.c.o
                0x00000000100006b8                pico_serial_transport_read
 .text.gpio_init
                0x000000001000071c       0x40 CMakeFiles/pico_micro_ros_example.dir/home/arnaud/pico-sdk/src/rp2_common/hardware_gpio/gpio.c.o
                0x000000001000071c                gpio_init
 .text.rp2040_chip_version
                0x000000001000075c        0xc CMakeFiles/pico_micro_ros_example.dir/home/arnaud/pico-sdk/src/rp2040/pico_platform/platform.c.o
                0x000000001000075c                rp2040_chip_version
 .text.panic    0x0000000010000768       0x30 CMakeFiles/pico_micro_ros_example.dir/home/arnaud/pico-sdk/src/rp2_common/pico_platform_panic/panic.c.o
                0x0000000010000768                panic
 .text.hw_claim_or_assert
                0x0000000010000798       0x44 CMakeFiles/pico_micro_ros_example.dir/home/arnaud/pico-sdk/src/common/hardware_claim/claim.c.o
                0x0000000010000798                hw_claim_or_assert
 .text.hw_claim_unused_from_range
                0x00000000100007dc       0x9c CMakeFiles/pico_micro_ros_example.dir/home/arnaud/pico-sdk/src/common/hardware_claim/claim.c.o
                0x00000000100007dc                hw_claim_unused_from_range
 .text.next_striped_spin_lock_num
                0x0000000010000878       0x18 CMakeFiles/pico_micro_ros_example.dir/home/arnaud/pico-sdk/src/rp2_common/hardware_sync/sync.c.o
                0x0000000010000878                next_striped_spin_lock_num
 .text.spin_lock_claim_unused
                0x0000000010000890       0x20 CMakeFiles/pico_micro_ros_example.dir/home/arnaud/pico-sdk/src/rp2_common/hardware_sync/sync.c.o
                0x0000000010000890                spin_lock_claim_unused
 .text.spin_locks_reset
                0x00000000100008b0       0x1c CMakeFiles/pico_micro_ros_example.dir/home/arnaud/pico-sdk/src/rp2_common/hardware_sync_spin_lock/sync_spin_lock.c.o
                0x00000000100008b0                spin_locks_reset
 .text.runtime_init_per_core_irq_priorities
                0x00000000100008cc       0x24 CMakeFiles/pico_micro_ros_example.dir/home/arnaud/pico-sdk/src/rp2_common/hardware_irq/irq.c.o
                0x00000000100008cc                runtime_init_per_core_irq_priorities
 .text.irq_set_enabled
                0x00000000100008f0       0x24 CMakeFiles/pico_micro_ros_example.dir/home/arnaud/pico-sdk/src/rp2_common/hardware_irq/irq.c.o
                0x00000000100008f0                irq_set_enabled
 .text.irq_is_enabled
                0x0000000010000914       0x18 CMakeFiles/pico_micro_ros_example.dir/home/arnaud/pico-sdk/src/rp2_common/hardware_irq/irq.c.o
                0x0000000010000914                irq_is_enabled
 .text.irq_set_pending
                0x000000001000092c       0x10 CMakeFiles/pico_micro_ros_example.dir/home/arnaud/pico-sdk/src/rp2_common/hardware_irq/irq.c.o
                0x000000001000092c                irq_set_pending
 .text.irq_has_shared_handler
                0x000000001000093c       0x2c CMakeFiles/pico_micro_ros_example.dir/home/arnaud/pico-sdk/src/rp2_common/hardware_irq/irq.c.o
                0x000000001000093c                irq_has_shared_handler
 .text.irq_set_exclusive_handler
                0x0000000010000968       0x54 CMakeFiles/pico_micro_ros_example.dir/home/arnaud/pico-sdk/src/rp2_common/hardware_irq/irq.c.o
                0x0000000010000968                irq_set_exclusive_handler
 .text.irq_add_shared_handler
                0x00000000100009bc      0x1e8 CMakeFiles/pico_micro_ros_example.dir/home/arnaud/pico-sdk/src/rp2_common/hardware_irq/irq.c.o
                0x00000000100009bc                irq_add_shared_handler
 .text.irq_add_tail_to_free_list
                0x0000000010000ba4       0xb4 CMakeFiles/pico_micro_ros_example.dir/home/arnaud/pico-sdk/src/rp2_common/hardware_irq/irq.c.o
                0x0000000010000ba4                irq_add_tail_to_free_list
 .text.user_irq_claim_unused
                0x0000000010000c58       0x28 CMakeFiles/pico_micro_ros_example.dir/home/arnaud/pico-sdk/src/rp2_common/hardware_irq/irq.c.o
                0x0000000010000c58                user_irq_claim_unused
 .text.lock_init
                0x0000000010000c80       0x10 CMakeFiles/pico_micro_ros_example.dir/home/arnaud/pico-sdk/src/common/pico_sync/lock_core.c.o
                0x0000000010000c80                lock_init
 .text.runtime_init_mutex
                0x0000000010000c90       0x58 CMakeFiles/pico_micro_ros_example.dir/home/arnaud/pico-sdk/src/common/pico_sync/mutex.c.o
                0x0000000010000c90                runtime_init_mutex
 .text.mutex_init
                0x0000000010000ce8       0x1c CMakeFiles/pico_micro_ros_example.dir/home/arnaud/pico-sdk/src/common/pico_sync/mutex.c.o
                0x0000000010000ce8                mutex_init
 .text.critical_section_init
                0x0000000010000d04       0x20 CMakeFiles/pico_micro_ros_example.dir/home/arnaud/pico-sdk/src/common/pico_sync/critical_section.c.o
                0x0000000010000d04                critical_section_init
 .text.critical_section_init_with_lock_num
                0x0000000010000d24       0x14 CMakeFiles/pico_micro_ros_example.dir/home/arnaud/pico-sdk/src/common/pico_sync/critical_section.c.o
                0x0000000010000d24                critical_section_init_with_lock_num
 .text.sleep_until_callback
                0x0000000010000d38       0x30 CMakeFiles/pico_micro_ros_example.dir/home/arnaud/pico-sdk/src/common/pico_time/time.c.o
 .text.alarm_pool_irq_handler
                0x0000000010000d68      0x308 CMakeFiles/pico_micro_ros_example.dir/home/arnaud/pico-sdk/src/common/pico_time/time.c.o
 .text.runtime_init_default_alarm_pool
                0x0000000010001070       0xdc CMakeFiles/pico_micro_ros_example.dir/home/arnaud/pico-sdk/src/common/pico_time/time.c.o
                0x0000000010001070                runtime_init_default_alarm_pool
 .text.alarm_pool_get_default
                0x000000001000114c        0x8 CMakeFiles/pico_micro_ros_example.dir/home/arnaud/pico-sdk/src/common/pico_time/time.c.o
                0x000000001000114c                alarm_pool_get_default
 .text.alarm_pool_add_alarm_at
                0x0000000010001154       0xc8 CMakeFiles/pico_micro_ros_example.dir/home/arnaud/pico-sdk/src/common/pico_time/time.c.o
                0x0000000010001154                alarm_pool_add_alarm_at
 .text.alarm_pool_add_alarm_at_force_in_context
                0x000000001000121c       0xb0 CMakeFiles/pico_micro_ros_example.dir/home/arnaud/pico-sdk/src/common/pico_time/time.c.o
                0x000000001000121c                alarm_pool_add_alarm_at_force_in_context
 .text.alarm_pool_cancel_alarm
                0x00000000100012cc       0x7c CMakeFiles/pico_micro_ros_example.dir/home/arnaud/pico-sdk/src/common/pico_time/time.c.o
                0x00000000100012cc                alarm_pool_cancel_alarm
 .text.alarm_pool_core_num
                0x0000000010001348        0x4 CMakeFiles/pico_micro_ros_example.dir/home/arnaud/pico-sdk/src/common/pico_time/time.c.o
                0x0000000010001348                alarm_pool_core_num
 .text.sleep_until
                0x000000001000134c       0xd0 CMakeFiles/pico_micro_ros_example.dir/home/arnaud/pico-sdk/src/common/pico_time/time.c.o
                0x000000001000134c                sleep_until
 .text.sleep_us
                0x000000001000141c       0x24 CMakeFiles/pico_micro_ros_example.dir/home/arnaud/pico-sdk/src/common/pico_time/time.c.o
                0x000000001000141c                sleep_us
 .text.sleep_ms
                0x0000000010001440       0x34 CMakeFiles/pico_micro_ros_example.dir/home/arnaud/pico-sdk/src/common/pico_time/time.c.o
                0x0000000010001440                sleep_ms
 .text.best_effort_wfe_or_timeout
                0x0000000010001474       0xe0 CMakeFiles/pico_micro_ros_example.dir/home/arnaud/pico-sdk/src/common/pico_time/time.c.o
                0x0000000010001474                best_effort_wfe_or_timeout
 .text.timer_hardware_alarm_claim
                0x0000000010001554       0x14 CMakeFiles/pico_micro_ros_example.dir/home/arnaud/pico-sdk/src/rp2_common/hardware_timer/timer.c.o
                0x0000000010001554                timer_hardware_alarm_claim
 .text.timer_time_us_64
                0x0000000010001568       0x10 CMakeFiles/pico_micro_ros_example.dir/home/arnaud/pico-sdk/src/rp2_common/hardware_timer/timer.c.o
                0x0000000010001568                timer_time_us_64
 .text.time_us_64
                0x0000000010001578       0x14 CMakeFiles/pico_micro_ros_example.dir/home/arnaud/pico-sdk/src/rp2_common/hardware_timer/timer.c.o
                0x0000000010001578                time_us_64
 .text.busy_wait_us
                0x000000001000158c       0x54 CMakeFiles/pico_micro_ros_example.dir/home/arnaud/pico-sdk/src/rp2_common/hardware_timer/timer.c.o
                0x000000001000158c                busy_wait_us
 .text.busy_wait_until
                0x00000000100015e0       0x20 CMakeFiles/pico_micro_ros_example.dir/home/arnaud/pico-sdk/src/rp2_common/hardware_timer/timer.c.o
                0x00000000100015e0                busy_wait_until
 .text.clock_configure_int_divider
                0x0000000010001600       0xf4 CMakeFiles/pico_micro_ros_example.dir/home/arnaud/pico-sdk/src/rp2_common/hardware_clocks/clocks.c.o
                0x0000000010001600                clock_configure_int_divider
 .text.clock_configure_undivided
                0x00000000100016f4       0xe8 CMakeFiles/pico_micro_ros_example.dir/home/arnaud/pico-sdk/src/rp2_common/hardware_clocks/clocks.c.o
                0x00000000100016f4                clock_configure_undivided
 .text.clock_get_hz
                0x00000000100017dc        0xc CMakeFiles/pico_micro_ros_example.dir/home/arnaud/pico-sdk/src/rp2_common/hardware_clocks/clocks.c.o
                0x00000000100017dc                clock_get_hz
 .text.pll_init
                0x00000000100017e8       0xa0 CMakeFiles/pico_micro_ros_example.dir/home/arnaud/pico-sdk/src/rp2_common/hardware_pll/pll.c.o
                0x00000000100017e8                pll_init
 .text.watchdog_reboot
                0x0000000010001888       0x98 CMakeFiles/pico_micro_ros_example.dir/home/arnaud/pico-sdk/src/rp2_common/hardware_watchdog/watchdog.c.o
                0x0000000010001888                watchdog_reboot
 .text.tick_start
                0x0000000010001920       0x10 CMakeFiles/pico_micro_ros_example.dir/home/arnaud/pico-sdk/src/rp2_common/hardware_ticks/ticks.c.o
                0x0000000010001920                tick_start
 .text.rom_func_lookup
                0x0000000010001930       0x10 CMakeFiles/pico_micro_ros_example.dir/home/arnaud/pico-sdk/src/rp2_common/pico_bootrom/bootrom.c.o
                0x0000000010001930                rom_func_lookup
 .text.rom_data_lookup
                0x0000000010001940       0x10 CMakeFiles/pico_micro_ros_example.dir/home/arnaud/pico-sdk/src/rp2_common/pico_bootrom/bootrom.c.o
                0x0000000010001940                rom_data_lookup
 .text.rom_funcs_lookup
                0x0000000010001950       0x44 CMakeFiles/pico_micro_ros_example.dir/home/arnaud/pico-sdk/src/rp2_common/pico_bootrom/bootrom.c.o
                0x0000000010001950                rom_funcs_lookup
 .text.rom_reset_usb_boot_extra
                0x0000000010001994       0x28 CMakeFiles/pico_micro_ros_example.dir/home/arnaud/pico-sdk/src/rp2_common/pico_bootrom/bootrom.c.o
                0x0000000010001994                rom_reset_usb_boot_extra
 .text.xosc_init
                0x00000000100019bc       0x28 CMakeFiles/pico_micro_ros_example.dir/home/arnaud/pico-sdk/src/rp2_common/hardware_xosc/xosc.c.o
                0x00000000100019bc                xosc_init
 .text.first_per_core_initializer
                0x00000000100019e4        0x4 CMakeFiles/pico_micro_ros_example.dir/home/arnaud/pico-sdk/src/rp2_common/pico_runtime/runtime.c.o
 .text.hard_assertion_failure
                0x00000000100019e8        0xc CMakeFiles/pico_micro_ros_example.dir/home/arnaud/pico-sdk/src/rp2_common/pico_runtime/runtime.c.o
                0x00000000100019e8                hard_assertion_failure
 .text.runtime_run_initializers
                0x00000000100019f4       0x28 CMakeFiles/pico_micro_ros_example.dir/home/arnaud/pico-sdk/src/rp2_common/pico_runtime/runtime.c.o
                0x00000000100019f4                runtime_run_initializers
 .text.runtime_init_early_resets
                0x0000000010001a1c       0x2c CMakeFiles/pico_micro_ros_example.dir/home/arnaud/pico-sdk/src/rp2_common/pico_runtime_init/runtime_init.c.o
                0x0000000010001a1c                runtime_init_early_resets
 .text.runtime_init_usb_power_down
                0x0000000010001a48       0x1c CMakeFiles/pico_micro_ros_example.dir/home/arnaud/pico-sdk/src/rp2_common/pico_runtime_init/runtime_init.c.o
                0x0000000010001a48                runtime_init_usb_power_down
 .text.runtime_init_post_clock_resets
                0x0000000010001a64       0x20 CMakeFiles/pico_micro_ros_example.dir/home/arnaud/pico-sdk/src/rp2_common/pico_runtime_init/runtime_init.c.o
                0x0000000010001a64                runtime_init_post_clock_resets
 .text.runtime_init_rp2040_gpio_ie_disable
                0x0000000010001a84       0x14 CMakeFiles/pico_micro_ros_example.dir/home/arnaud/pico-sdk/src/rp2_common/pico_runtime_init/runtime_init.c.o
                0x0000000010001a84                runtime_init_rp2040_gpio_ie_disable
 .text.runtime_init_spin_locks_reset
                0x0000000010001a98        0x8 CMakeFiles/pico_micro_ros_example.dir/home/arnaud/pico-sdk/src/rp2_common/pico_runtime_init/runtime_init.c.o
                0x0000000010001a98                runtime_init_spin_locks_reset
 .text.runtime_init_install_ram_vector_table
                0x0000000010001aa0       0x1c CMakeFiles/pico_micro_ros_example.dir/home/arnaud/pico-sdk/src/rp2_common/pico_runtime_init/runtime_init.c.o
                0x0000000010001aa0                runtime_init_install_ram_vector_table
 .text.runtime_init_clocks
                0x0000000010001abc       0xd8 CMakeFiles/pico_micro_ros_example.dir/home/arnaud/pico-sdk/src/rp2_common/pico_runtime_init/runtime_init_clocks.c.o
                0x0000000010001abc                runtime_init_clocks
 .text          0x0000000010001b94       0x10 CMakeFiles/pico_micro_ros_example.dir/home/arnaud/pico-sdk/src/rp2_common/pico_bit_ops/bit_ops_aeabi.S.o
 .text.__wrap___aeabi_idiv
                0x0000000010001ba4       0x50 CMakeFiles/pico_micro_ros_example.dir/home/arnaud/pico-sdk/src/rp2_common/pico_divider/divider_hardware.S.o
                0x0000000010001ba4                __wrap___aeabi_idivmod
                0x0000000010001ba4                divmod_s32s32
                0x0000000010001ba4                div_s32s32
                0x0000000010001ba4                __wrap___aeabi_idiv
                0x0000000010001bac                divmod_s32s32_unsafe
                0x0000000010001bd8                divmod_s32s32_savestate
 .text.__wrap___aeabi_uidiv
                0x0000000010001bf4       0x4c CMakeFiles/pico_micro_ros_example.dir/home/arnaud/pico-sdk/src/rp2_common/pico_divider/divider_hardware.S.o
                0x0000000010001bf4                __wrap___aeabi_uidiv
                0x0000000010001bf4                __wrap___aeabi_uidivmod
                0x0000000010001bf4                div_u32u32
                0x0000000010001bf4                divmod_u32u32
                0x0000000010001bfc                divmod_u32u32_unsafe
                0x0000000010001c24                divmod_u32u32_savestate
 .text.__wrap___aeabi_ldiv
                0x0000000010001c40      0x424 CMakeFiles/pico_micro_ros_example.dir/home/arnaud/pico-sdk/src/rp2_common/pico_divider/divider_hardware.S.o
                0x0000000010001c40                div_s64s64
                0x0000000010001c40                divmod_s64s64
                0x0000000010001c40                __wrap___aeabi_ldivmod
                0x0000000010001c70                div_u64u64
                0x0000000010001c70                divmod_u64u64
                0x0000000010001c70                __wrap___aeabi_uldivmod
                0x0000000010001c80                divmod_u64u64_savestate
                0x0000000010001ca0                divmod_s64s64_unsafe
                0x0000000010001d28                divmod_u64u64_unsafe
 .text.__wrap___aeabi_darithmetic
                0x0000000010002064       0x80 CMakeFiles/pico_micro_ros_example.dir/home/arnaud/pico-sdk/src/rp2_common/pico_double/double_aeabi_rp2040.S.o
                0x0000000010002064                __wrap___aeabi_drsub
                0x000000001000206a                __wrap___aeabi_dsub
                0x000000001000207c                __wrap___aeabi_dadd
                0x000000001000208e                __wrap___aeabi_ddiv
                0x00000000100020ca                __wrap___aeabi_dmul
 .text.__wrap___aeabi_cdcmple
                0x00000000100020e4       0x6c CMakeFiles/pico_micro_ros_example.dir/home/arnaud/pico-sdk/src/rp2_common/pico_double/double_aeabi_rp2040.S.o
                0x00000000100020e4                __wrap___aeabi_cdrcmple
                0x00000000100020f4                __wrap___aeabi_cdcmple
                0x00000000100020f4                __wrap___aeabi_cdcmpeq
 .text.__wrap___aeabi_dcmplt
                0x0000000010002150        0xc CMakeFiles/pico_micro_ros_example.dir/home/arnaud/pico-sdk/src/rp2_common/pico_double/double_aeabi_rp2040.S.o
                0x0000000010002150                __wrap___aeabi_dcmplt
 .text.__wrap___aeabi_dcmple
                0x000000001000215c       0x10 CMakeFiles/pico_micro_ros_example.dir/home/arnaud/pico-sdk/src/rp2_common/pico_double/double_aeabi_rp2040.S.o
                0x000000001000215c                __wrap___aeabi_dcmple
 .text.__wrap___aeabi_dcmpge
                0x000000001000216c       0x10 CMakeFiles/pico_micro_ros_example.dir/home/arnaud/pico-sdk/src/rp2_common/pico_double/double_aeabi_rp2040.S.o
                0x000000001000216c                __wrap___aeabi_dcmpge
 .text.__wrap___aeabi_dcmpgt
                0x000000001000217c        0xa CMakeFiles/pico_micro_ros_example.dir/home/arnaud/pico-sdk/src/rp2_common/pico_double/double_aeabi_rp2040.S.o
                0x000000001000217c                __wrap___aeabi_dcmpgt
 .text.__wrap___aeabi_dcmpun
                0x0000000010002186       0x18 CMakeFiles/pico_micro_ros_example.dir/home/arnaud/pico-sdk/src/rp2_common/pico_double/double_aeabi_rp2040.S.o
                0x0000000010002186                __wrap___aeabi_dcmpun
 *fill*         0x000000001000219e        0x2 
 .text.__wrap___aeabi_i2d
                0x00000000100021a0       0x38 CMakeFiles/pico_micro_ros_example.dir/home/arnaud/pico-sdk/src/rp2_common/pico_double/double_aeabi_rp2040.S.o
                0x00000000100021a0                __wrap___aeabi_ui2d
                0x00000000100021a8                __wrap___aeabi_i2d
 .text.__wrap___aeabi_d2iz
                0x00000000100021d8       0x48 CMakeFiles/pico_micro_ros_example.dir/home/arnaud/pico-sdk/src/rp2_common/pico_double/double_aeabi_rp2040.S.o
                0x00000000100021d8                __wrap___aeabi_d2iz
                0x00000000100021d8                double2int_z
 .text.__wrap___aeabi_d2uiz
                0x0000000010002220       0x18 CMakeFiles/pico_micro_ros_example.dir/home/arnaud/pico-sdk/src/rp2_common/pico_double/double_aeabi_rp2040.S.o
                0x0000000010002220                double2uint
                0x0000000010002220                __wrap___aeabi_d2uiz
 .text.__wrap___aeabi_d2f
                0x0000000010002238       0x18 CMakeFiles/pico_micro_ros_example.dir/home/arnaud/pico-sdk/src/rp2_common/pico_double/double_aeabi_rp2040.S.o
                0x0000000010002238                __wrap___aeabi_d2f
 .text.__aeabi_double_init
                0x0000000010002250       0xa0 CMakeFiles/pico_micro_ros_example.dir/home/arnaud/pico-sdk/src/rp2_common/pico_double/double_init_rom_rp2040.c.o
                0x0000000010002250                __aeabi_double_init
 .text.double_table_shim_on_use_helper
                0x00000000100022f0       0x2c CMakeFiles/pico_micro_ros_example.dir/home/arnaud/pico-sdk/src/rp2_common/pico_double/double_v1_rom_shim_rp2040.S.o
                0x00000000100022f0                double_table_shim_on_use_helper
 .text.__wrap___aeabi_dsub
                0x000000001000231c       0x10 CMakeFiles/pico_micro_ros_example.dir/home/arnaud/pico-sdk/src/rp2_common/pico_double/double_v1_rom_shim_rp2040.S.o
                0x000000001000231c                drsub_shim
                0x0000000010002322                dsub_shim
 .text.dadd_shim
                0x000000001000232c      0x15c CMakeFiles/pico_micro_ros_example.dir/home/arnaud/pico-sdk/src/rp2_common/pico_double/double_v1_rom_shim_rp2040.S.o
                0x000000001000232c                dadd_shim
 .text.dmul_shim
                0x0000000010002488      0x15c CMakeFiles/pico_micro_ros_example.dir/home/arnaud/pico-sdk/src/rp2_common/pico_double/double_v1_rom_shim_rp2040.S.o
                0x0000000010002488                dmul_shim
 .text.ddiv_shim
                0x00000000100025e4      0x1b0 CMakeFiles/pico_micro_ros_example.dir/home/arnaud/pico-sdk/src/rp2_common/pico_double/double_v1_rom_shim_rp2040.S.o
                0x00000000100025e4                ddiv_shim
 .text.double2uint_shim
                0x0000000010002794        0xe CMakeFiles/pico_micro_ros_example.dir/home/arnaud/pico-sdk/src/rp2_common/pico_double/double_v1_rom_shim_rp2040.S.o
                0x0000000010002794                double2uint_shim
                0x0000000010002796                double2ufix_shim
 *fill*         0x00000000100027a2        0x2 
 .text.double2uint64_shim
                0x00000000100027a4       0x70 CMakeFiles/pico_micro_ros_example.dir/home/arnaud/pico-sdk/src/rp2_common/pico_double/double_v1_rom_shim_rp2040.S.o
                0x00000000100027a4                double2uint64_shim
                0x00000000100027a6                double2ufix64_shim
                0x00000000100027c6                d2fix_a
 .text.double2float_shim
                0x0000000010002814       0x5c CMakeFiles/pico_micro_ros_example.dir/home/arnaud/pico-sdk/src/rp2_common/pico_double/double_v1_rom_shim_rp2040.S.o
                0x0000000010002814                double2float_shim
 .text.dunpacks
                0x0000000010002870       0x3c CMakeFiles/pico_micro_ros_example.dir/home/arnaud/pico-sdk/src/rp2_common/pico_double/double_v1_rom_shim_rp2040.S.o
                0x0000000010002870                dunpacks
 .text.__aeabi_lmul
                0x00000000100028ac       0x32 CMakeFiles/pico_micro_ros_example.dir/home/arnaud/pico-sdk/src/rp2_common/pico_int64_ops/pico_int64_ops_aeabi.S.o
                0x00000000100028ac                __wrap___aeabi_lmul
 *fill*         0x00000000100028de        0x2 
 .text.__wrap___aeabi_farithmetic
                0x00000000100028e0       0x48 CMakeFiles/pico_micro_ros_example.dir/home/arnaud/pico-sdk/src/rp2_common/pico_float/float_aeabi_rp2040.S.o
                0x00000000100028e0                __wrap___aeabi_frsub
                0x00000000100028e6                __wrap___aeabi_fsub
                0x00000000100028ec                __wrap___aeabi_fadd
                0x00000000100028f2                __wrap___aeabi_fdiv
                0x000000001000291a                __wrap___aeabi_fmul
 .text.__wrap___aeabi_ui2f
                0x0000000010002928        0xa CMakeFiles/pico_micro_ros_example.dir/home/arnaud/pico-sdk/src/rp2_common/pico_float/float_aeabi_rp2040.S.o
                0x0000000010002928                uint2float
                0x0000000010002928                __wrap___aeabi_ui2f
 *fill*         0x0000000010002932        0x2 
 .text.__wrap___aeabi_i2f
                0x0000000010002934       0x44 CMakeFiles/pico_micro_ros_example.dir/home/arnaud/pico-sdk/src/rp2_common/pico_float/float_aeabi_rp2040.S.o
                0x0000000010002934                int2float
                0x0000000010002934                __wrap___aeabi_i2f
 .text.__wrap___aeabi_f2iz
                0x0000000010002978       0x4e CMakeFiles/pico_micro_ros_example.dir/home/arnaud/pico-sdk/src/rp2_common/pico_float/float_aeabi_rp2040.S.o
                0x0000000010002978                __wrap___aeabi_f2iz
                0x0000000010002978                float2int_z
 *fill*         0x00000000100029c6        0x2 
 .text.float2int
                0x00000000100029c8       0x14 CMakeFiles/pico_micro_ros_example.dir/home/arnaud/pico-sdk/src/rp2_common/pico_float/float_aeabi_rp2040.S.o
                0x00000000100029c8                float2int
 .text.__wrap___aeabi_f2uiz
                0x00000000100029dc        0xc CMakeFiles/pico_micro_ros_example.dir/home/arnaud/pico-sdk/src/rp2_common/pico_float/float_aeabi_rp2040.S.o
                0x00000000100029dc                float2uint_z
                0x00000000100029dc                __wrap___aeabi_f2uiz
 .text.__wrap___aeabi_f2d
                0x00000000100029e8       0x14 CMakeFiles/pico_micro_ros_example.dir/home/arnaud/pico-sdk/src/rp2_common/pico_float/float_aeabi_rp2040.S.o
                0x00000000100029e8                __wrap___aeabi_f2d
 .text.__aeabi_float_init
                0x00000000100029fc       0x64 CMakeFiles/pico_micro_ros_example.dir/home/arnaud/pico-sdk/src/rp2_common/pico_float/float_init_rom_rp2040.c.o
                0x00000000100029fc                __aeabi_float_init
 .text.float_table_shim_on_use_helper
                0x0000000010002a60       0x2c CMakeFiles/pico_micro_ros_example.dir/home/arnaud/pico-sdk/src/rp2_common/pico_float/float_v1_rom_shim_rp2040.S.o
                0x0000000010002a60                float_table_shim_on_use_helper
 .text.float232_shims
                0x0000000010002a8c       0x18 CMakeFiles/pico_micro_ros_example.dir/home/arnaud/pico-sdk/src/rp2_common/pico_float/float_v1_rom_shim_rp2040.S.o
                0x0000000010002a8c                float2int_shim
                0x0000000010002a8e                float2fix_shim
 .text.float2double_shim
                0x0000000010002aa4       0x30 CMakeFiles/pico_micro_ros_example.dir/home/arnaud/pico-sdk/src/rp2_common/pico_float/float_v1_rom_shim_rp2040.S.o
                0x0000000010002aa4                float2double_shim
 .text.__wrap_malloc
                0x0000000010002ad4       0x24 CMakeFiles/pico_micro_ros_example.dir/home/arnaud/pico-sdk/src/rp2_common/pico_malloc/malloc.c.o
                0x0000000010002ad4                __wrap_malloc
 .text.__wrap_calloc
                0x0000000010002af8       0x28 CMakeFiles/pico_micro_ros_example.dir/home/arnaud/pico-sdk/src/rp2_common/pico_malloc/malloc.c.o
                0x0000000010002af8                __wrap_calloc
 .text.__wrap_realloc
                0x0000000010002b20       0x24 CMakeFiles/pico_micro_ros_example.dir/home/arnaud/pico-sdk/src/rp2_common/pico_malloc/malloc.c.o
                0x0000000010002b20                __wrap_realloc
 .text.__wrap_free
                0x0000000010002b44        0x8 CMakeFiles/pico_micro_ros_example.dir/home/arnaud/pico-sdk/src/rp2_common/pico_malloc/malloc.c.o
                0x0000000010002b44                __wrap_free
 .text          0x0000000010002b4c       0x10 CMakeFiles/pico_micro_ros_example.dir/home/arnaud/pico-sdk/src/rp2_common/pico_mem_ops/mem_ops_aeabi.S.o
                0x0000000010002b4c                __aeabi_mem_init
 .text.memset   0x0000000010002b5c        0xc CMakeFiles/pico_micro_ros_example.dir/home/arnaud/pico-sdk/src/rp2_common/pico_mem_ops/mem_ops_aeabi.S.o
                0x0000000010002b5c                __wrap_memset
 .text.memcpy   0x0000000010002b68        0xc CMakeFiles/pico_micro_ros_example.dir/home/arnaud/pico-sdk/src/rp2_common/pico_mem_ops/mem_ops_aeabi.S.o
                0x0000000010002b68                __wrap___aeabi_memcpy
                0x0000000010002b68                __wrap_memcpy
 .text.__atomic_load_8
                0x0000000010002b74       0x28 CMakeFiles/pico_micro_ros_example.dir/home/arnaud/pico-sdk/src/rp2_common/pico_atomic/atomic.c.o
                0x0000000010002b74                __atomic_load_8
 .text.__atomic_store_8
                0x0000000010002b9c       0x30 CMakeFiles/pico_micro_ros_example.dir/home/arnaud/pico-sdk/src/rp2_common/pico_atomic/atomic.c.o
                0x0000000010002b9c                __atomic_store_8
 .text.__atomic_exchange_8
                0x0000000010002bcc       0x38 CMakeFiles/pico_micro_ros_example.dir/home/arnaud/pico-sdk/src/rp2_common/pico_atomic/atomic.c.o
                0x0000000010002bcc                __atomic_exchange_8
 .text._out_buffer
                0x0000000010002c04        0x8 CMakeFiles/pico_micro_ros_example.dir/home/arnaud/pico-sdk/src/rp2_common/pico_printf/printf.c.o
 .text._out_null
                0x0000000010002c0c        0x4 CMakeFiles/pico_micro_ros_example.dir/home/arnaud/pico-sdk/src/rp2_common/pico_printf/printf.c.o
 .text._out_rev
                0x0000000010002c10       0x9c CMakeFiles/pico_micro_ros_example.dir/home/arnaud/pico-sdk/src/rp2_common/pico_printf/printf.c.o
 .text._ntoa_format
                0x0000000010002cac      0x1cc CMakeFiles/pico_micro_ros_example.dir/home/arnaud/pico-sdk/src/rp2_common/pico_printf/printf.c.o
 .text._out_char
                0x0000000010002e78       0x10 CMakeFiles/pico_micro_ros_example.dir/home/arnaud/pico-sdk/src/rp2_common/pico_printf/printf.c.o
 .text._etoa    0x0000000010002e88      0x44c CMakeFiles/pico_micro_ros_example.dir/home/arnaud/pico-sdk/src/rp2_common/pico_printf/printf.c.o
 .text._ftoa    0x00000000100032d4      0x398 CMakeFiles/pico_micro_ros_example.dir/home/arnaud/pico-sdk/src/rp2_common/pico_printf/printf.c.o
 .text._vsnprintf
                0x000000001000366c      0xb04 CMakeFiles/pico_micro_ros_example.dir/home/arnaud/pico-sdk/src/rp2_common/pico_printf/printf.c.o
 .text.__wrap_snprintf
                0x0000000010004170       0x28 CMakeFiles/pico_micro_ros_example.dir/home/arnaud/pico-sdk/src/rp2_common/pico_printf/printf.c.o
                0x0000000010004170                __wrap_snprintf
 .text.__wrap_vsnprintf
                0x0000000010004198       0x1c CMakeFiles/pico_micro_ros_example.dir/home/arnaud/pico-sdk/src/rp2_common/pico_printf/printf.c.o
                0x0000000010004198                __wrap_vsnprintf
 .text.weak_raw_vprintf
                0x00000000100041b4       0x30 CMakeFiles/pico_micro_ros_example.dir/home/arnaud/pico-sdk/src/rp2_common/pico_printf/printf.c.o
                0x00000000100041b4                weak_raw_vprintf
 .text._exit    0x00000000100041e4        0x4 CMakeFiles/pico_micro_ros_example.dir/home/arnaud/pico-sdk/src/rp2_common/pico_clib_interface/newlib_interface.c.o
                0x00000000100041e4                _exit
 .text._sbrk    0x00000000100041e8       0x34 CMakeFiles/pico_micro_ros_example.dir/home/arnaud/pico-sdk/src/rp2_common/pico_clib_interface/newlib_interface.c.o
                0x00000000100041e8                _sbrk
 .text.exit     0x000000001000421c        0x8 CMakeFiles/pico_micro_ros_example.dir/home/arnaud/pico-sdk/src/rp2_common/pico_clib_interface/newlib_interface.c.o
                0x000000001000421c                exit
 .text.runtime_init
                0x0000000010004224       0x2c CMakeFiles/pico_micro_ros_example.dir/home/arnaud/pico-sdk/src/rp2_common/pico_clib_interface/newlib_interface.c.o
                0x0000000010004224                runtime_init
 .text.stdio_out_chars_no_crlf
                0x0000000010004250       0x10 CMakeFiles/pico_micro_ros_example.dir/home/arnaud/pico-sdk/src/rp2_common/pico_stdio/stdio.c.o
 .text.stdio_out_chars_crlf
                0x0000000010004260       0x10 CMakeFiles/pico_micro_ros_example.dir/home/arnaud/pico-sdk/src/rp2_common/pico_stdio/stdio.c.o
 .text.stdio_put_string
                0x0000000010004270      0x100 CMakeFiles/pico_micro_ros_example.dir/home/arnaud/pico-sdk/src/rp2_common/pico_stdio/stdio.c.o
                0x0000000010004270                stdio_put_string
 .text.stdio_set_driver_enabled
                0x0000000010004370       0x30 CMakeFiles/pico_micro_ros_example.dir/home/arnaud/pico-sdk/src/rp2_common/pico_stdio/stdio.c.o
                0x0000000010004370                stdio_set_driver_enabled
 .text.stdio_init_all
                0x00000000100043a0        0x8 CMakeFiles/pico_micro_ros_example.dir/home/arnaud/pico-sdk/src/rp2_common/pico_stdio/stdio.c.o
                0x00000000100043a0                stdio_init_all
 .text.stdio_getchar_timeout_us
                0x00000000100043a8       0x98 CMakeFiles/pico_micro_ros_example.dir/home/arnaud/pico-sdk/src/rp2_common/pico_stdio/stdio.c.o
                0x00000000100043a8                stdio_getchar_timeout_us
 .text.__wrap_putchar
                0x0000000010004440       0x98 CMakeFiles/pico_micro_ros_example.dir/home/arnaud/pico-sdk/src/rp2_common/pico_stdio/stdio.c.o
                0x0000000010004440                stdio_putchar
                0x0000000010004440                __wrap_putchar
 .text.__wrap_puts
                0x00000000100044d8       0x3c CMakeFiles/pico_micro_ros_example.dir/home/arnaud/pico-sdk/src/rp2_common/pico_stdio/stdio.c.o
                0x00000000100044d8                __wrap_puts
                0x00000000100044d8                stdio_puts
 .text.resetd_init
                0x0000000010004514        0x4 CMakeFiles/pico_micro_ros_example.dir/home/arnaud/pico-sdk/src/rp2_common/pico_stdio_usb/reset_interface.c.o
 .text.resetd_reset
                0x0000000010004518        0xc CMakeFiles/pico_micro_ros_example.dir/home/arnaud/pico-sdk/src/rp2_common/pico_stdio_usb/reset_interface.c.o
 .text.resetd_open
                0x0000000010004524       0x28 CMakeFiles/pico_micro_ros_example.dir/home/arnaud/pico-sdk/src/rp2_common/pico_stdio_usb/reset_interface.c.o
 .text.resetd_xfer_cb
                0x000000001000454c        0x4 CMakeFiles/pico_micro_ros_example.dir/home/arnaud/pico-sdk/src/rp2_common/pico_stdio_usb/reset_interface.c.o
 .text.resetd_control_xfer_cb
                0x0000000010004550       0x60 CMakeFiles/pico_micro_ros_example.dir/home/arnaud/pico-sdk/src/rp2_common/pico_stdio_usb/reset_interface.c.o
 .text.tud_descriptor_bos_cb
                0x00000000100045b0        0x8 CMakeFiles/pico_micro_ros_example.dir/home/arnaud/pico-sdk/src/rp2_common/pico_stdio_usb/reset_interface.c.o
                0x00000000100045b0                tud_descriptor_bos_cb
 .text.tud_vendor_control_xfer_cb
                0x00000000100045b8       0x34 CMakeFiles/pico_micro_ros_example.dir/home/arnaud/pico-sdk/src/rp2_common/pico_stdio_usb/reset_interface.c.o
                0x00000000100045b8                tud_vendor_control_xfer_cb
 .text.usbd_app_driver_get_cb
                0x00000000100045ec        0xc CMakeFiles/pico_micro_ros_example.dir/home/arnaud/pico-sdk/src/rp2_common/pico_stdio_usb/reset_interface.c.o
                0x00000000100045ec                usbd_app_driver_get_cb
 .text.tud_cdc_line_coding_cb
                0x00000000100045f8       0x2c CMakeFiles/pico_micro_ros_example.dir/home/arnaud/pico-sdk/src/rp2_common/pico_stdio_usb/reset_interface.c.o
                0x00000000100045f8                tud_cdc_line_coding_cb
 .text.stdio_usb_set_chars_available_callback
                0x0000000010004624       0x14 CMakeFiles/pico_micro_ros_example.dir/home/arnaud/pico-sdk/src/rp2_common/pico_stdio_usb/stdio_usb.c.o
                0x0000000010004624                stdio_usb_set_chars_available_callback
 .text.usb_irq  0x0000000010004638       0x10 CMakeFiles/pico_micro_ros_example.dir/home/arnaud/pico-sdk/src/rp2_common/pico_stdio_usb/stdio_usb.c.o
 .text.timer_task
                0x0000000010004648       0x64 CMakeFiles/pico_micro_ros_example.dir/home/arnaud/pico-sdk/src/rp2_common/pico_stdio_usb/stdio_usb.c.o
 .text.stdio_usb_in_chars
                0x00000000100046ac       0x90 CMakeFiles/pico_micro_ros_example.dir/home/arnaud/pico-sdk/src/rp2_common/pico_stdio_usb/stdio_usb.c.o
                0x00000000100046ac                stdio_usb_in_chars
 .text.stdio_usb_out_flush
                0x000000001000473c       0x50 CMakeFiles/pico_micro_ros_example.dir/home/arnaud/pico-sdk/src/rp2_common/pico_stdio_usb/stdio_usb.c.o
 .text.stdio_usb_out_chars
                0x000000001000478c      0x100 CMakeFiles/pico_micro_ros_example.dir/home/arnaud/pico-sdk/src/rp2_common/pico_stdio_usb/stdio_usb.c.o
 .text.low_priority_worker_irq
                0x000000001000488c       0xc8 CMakeFiles/pico_micro_ros_example.dir/home/arnaud/pico-sdk/src/rp2_common/pico_stdio_usb/stdio_usb.c.o
 .text.stdio_usb_init
                0x0000000010004954       0xe4 CMakeFiles/pico_micro_ros_example.dir/home/arnaud/pico-sdk/src/rp2_common/pico_stdio_usb/stdio_usb.c.o
                0x0000000010004954                stdio_usb_init
 .text.tud_descriptor_device_cb
                0x0000000010004a38        0x8 CMakeFiles/pico_micro_ros_example.dir/home/arnaud/pico-sdk/src/rp2_common/pico_stdio_usb/stdio_usb_descriptors.c.o
                0x0000000010004a38                tud_descriptor_device_cb
 .text.tud_descriptor_configuration_cb
                0x0000000010004a40        0x8 CMakeFiles/pico_micro_ros_example.dir/home/arnaud/pico-sdk/src/rp2_common/pico_stdio_usb/stdio_usb_descriptors.c.o
                0x0000000010004a40                tud_descriptor_configuration_cb
 .text.tud_descriptor_string_cb
                0x0000000010004a48       0x74 CMakeFiles/pico_micro_ros_example.dir/home/arnaud/pico-sdk/src/rp2_common/pico_stdio_usb/stdio_usb_descriptors.c.o
                0x0000000010004a48                tud_descriptor_string_cb
 .text.startup._retrieve_unique_id_on_boot
                0x0000000010004abc       0x10 CMakeFiles/pico_micro_ros_example.dir/home/arnaud/pico-sdk/src/rp2_common/pico_unique_id/unique_id.c.o
 .text.pico_get_unique_board_id_string
                0x0000000010004acc      0x1a8 CMakeFiles/pico_micro_ros_example.dir/home/arnaud/pico-sdk/src/rp2_common/pico_unique_id/unique_id.c.o
                0x0000000010004acc                pico_get_unique_board_id_string
 .text.flash_get_unique_id
                0x0000000010004c74       0x40 CMakeFiles/pico_micro_ros_example.dir/home/arnaud/pico-sdk/src/rp2_common/hardware_flash/flash.c.o
                0x0000000010004c74                flash_get_unique_id
 .text.dcd_init
                0x0000000010004cb4       0x8c CMakeFiles/pico_micro_ros_example.dir/home/arnaud/pico-sdk/lib/tinyusb/src/portable/raspberrypi/rp2040/dcd_rp2040.c.o
                0x0000000010004cb4                dcd_init
 .text.dcd_int_enable
                0x0000000010004d40        0xc CMakeFiles/pico_micro_ros_example.dir/home/arnaud/pico-sdk/lib/tinyusb/src/portable/raspberrypi/rp2040/dcd_rp2040.c.o
                0x0000000010004d40                dcd_int_enable
 .text.dcd_set_address
                0x0000000010004d4c       0x14 CMakeFiles/pico_micro_ros_example.dir/home/arnaud/pico-sdk/lib/tinyusb/src/portable/raspberrypi/rp2040/dcd_rp2040.c.o
                0x0000000010004d4c                dcd_set_address
 .text.dcd_sof_enable
                0x0000000010004d60       0x1c CMakeFiles/pico_micro_ros_example.dir/home/arnaud/pico-sdk/lib/tinyusb/src/portable/raspberrypi/rp2040/dcd_rp2040.c.o
                0x0000000010004d60                dcd_sof_enable
 .text.dcd_edpt0_status_complete
                0x0000000010004d7c       0x1c CMakeFiles/pico_micro_ros_example.dir/home/arnaud/pico-sdk/lib/tinyusb/src/portable/raspberrypi/rp2040/dcd_rp2040.c.o
                0x0000000010004d7c                dcd_edpt0_status_complete
 .text.dcd_edpt_open
                0x0000000010004d98      0x108 CMakeFiles/pico_micro_ros_example.dir/home/arnaud/pico-sdk/lib/tinyusb/src/portable/raspberrypi/rp2040/dcd_rp2040.c.o
                0x0000000010004d98                dcd_edpt_open
 .text.dcd_edpt_close_all
                0x0000000010004ea0        0x8 CMakeFiles/pico_micro_ros_example.dir/home/arnaud/pico-sdk/lib/tinyusb/src/portable/raspberrypi/rp2040/dcd_rp2040.c.o
                0x0000000010004ea0                dcd_edpt_close_all
 .text.dcd_edpt_xfer
                0x0000000010004ea8       0x24 CMakeFiles/pico_micro_ros_example.dir/home/arnaud/pico-sdk/lib/tinyusb/src/portable/raspberrypi/rp2040/dcd_rp2040.c.o
                0x0000000010004ea8                dcd_edpt_xfer
 .text.dcd_edpt_stall
                0x0000000010004ecc       0x38 CMakeFiles/pico_micro_ros_example.dir/home/arnaud/pico-sdk/lib/tinyusb/src/portable/raspberrypi/rp2040/dcd_rp2040.c.o
                0x0000000010004ecc                dcd_edpt_stall
 .text.dcd_edpt_clear_stall
                0x0000000010004f04       0x30 CMakeFiles/pico_micro_ros_example.dir/home/arnaud/pico-sdk/lib/tinyusb/src/portable/raspberrypi/rp2040/dcd_rp2040.c.o
                0x0000000010004f04                dcd_edpt_clear_stall
 .text.rp2040_usb_init
                0x0000000010004f34       0x40 CMakeFiles/pico_micro_ros_example.dir/home/arnaud/pico-sdk/lib/tinyusb/src/portable/raspberrypi/rp2040/rp2040_usb.c.o
                0x0000000010004f34                rp2040_usb_init
 .text.hw_endpoint_xfer_start
                0x0000000010004f74       0x50 CMakeFiles/pico_micro_ros_example.dir/home/arnaud/pico-sdk/lib/tinyusb/src/portable/raspberrypi/rp2040/rp2040_usb.c.o
                0x0000000010004f74                hw_endpoint_xfer_start
 .text.tud_event_hook_cb
                0x0000000010004fc4        0x4 CMakeFiles/pico_micro_ros_example.dir/home/arnaud/pico-sdk/lib/tinyusb/src/device/usbd.c.o
                0x0000000010004fc4                tud_event_hook_cb
 .text.tud_sof_cb
                0x0000000010004fc8        0x4 CMakeFiles/pico_micro_ros_example.dir/home/arnaud/pico-sdk/lib/tinyusb/src/device/usbd.c.o
                0x0000000010004fc8                tud_sof_cb
 .text.tud_descriptor_device_qualifier_cb
                0x0000000010004fcc        0x4 CMakeFiles/pico_micro_ros_example.dir/home/arnaud/pico-sdk/lib/tinyusb/src/device/usbd.c.o
                0x0000000010004fcc                tud_descriptor_device_qualifier_cb
 .text.tud_descriptor_other_speed_configuration_cb
                0x0000000010004fd0        0x4 CMakeFiles/pico_micro_ros_example.dir/home/arnaud/pico-sdk/lib/tinyusb/src/device/usbd.c.o
                0x0000000010004fd0                tud_descriptor_other_speed_configuration_cb
 .text.tud_mount_cb
                0x0000000010004fd4        0x4 CMakeFiles/pico_micro_ros_example.dir/home/arnaud/pico-sdk/lib/tinyusb/src/device/usbd.c.o
                0x0000000010004fd4                tud_mount_cb
 .text.tud_umount_cb
                0x0000000010004fd8        0x4 CMakeFiles/pico_micro_ros_example.dir/home/arnaud/pico-sdk/lib/tinyusb/src/device/usbd.c.o
                0x0000000010004fd8                tud_umount_cb
 .text.tud_suspend_cb
                0x0000000010004fdc        0x4 CMakeFiles/pico_micro_ros_example.dir/home/arnaud/pico-sdk/lib/tinyusb/src/device/usbd.c.o
                0x0000000010004fdc                tud_suspend_cb
 .text.tud_resume_cb
                0x0000000010004fe0        0x4 CMakeFiles/pico_micro_ros_example.dir/home/arnaud/pico-sdk/lib/tinyusb/src/device/usbd.c.o
                0x0000000010004fe0                tud_resume_cb
 .text.tud_mounted
                0x0000000010004fe4       0x10 CMakeFiles/pico_micro_ros_example.dir/home/arnaud/pico-sdk/lib/tinyusb/src/device/usbd.c.o
                0x0000000010004fe4                tud_mounted
 .text.tud_suspended
                0x0000000010004ff4       0x10 CMakeFiles/pico_micro_ros_example.dir/home/arnaud/pico-sdk/lib/tinyusb/src/device/usbd.c.o
                0x0000000010004ff4                tud_suspended
 .text.tud_init
                0x0000000010005004       0xe4 CMakeFiles/pico_micro_ros_example.dir/home/arnaud/pico-sdk/lib/tinyusb/src/device/usbd.c.o
                0x0000000010005004                tud_init
 .text.tud_task_ext
                0x00000000100050e8      0x800 CMakeFiles/pico_micro_ros_example.dir/home/arnaud/pico-sdk/lib/tinyusb/src/device/usbd.c.o
                0x00000000100050e8                tud_task_ext
 .text.usbd_open_edpt_pair
                0x00000000100058e8       0x9c CMakeFiles/pico_micro_ros_example.dir/home/arnaud/pico-sdk/lib/tinyusb/src/device/usbd.c.o
                0x00000000100058e8                usbd_open_edpt_pair
 .text.usbd_edpt_open
                0x0000000010005984       0x34 CMakeFiles/pico_micro_ros_example.dir/home/arnaud/pico-sdk/lib/tinyusb/src/device/usbd.c.o
                0x0000000010005984                usbd_edpt_open
 .text.usbd_edpt_claim
                0x00000000100059b8       0x28 CMakeFiles/pico_micro_ros_example.dir/home/arnaud/pico-sdk/lib/tinyusb/src/device/usbd.c.o
                0x00000000100059b8                usbd_edpt_claim
 .text.usbd_edpt_release
                0x00000000100059e0       0x28 CMakeFiles/pico_micro_ros_example.dir/home/arnaud/pico-sdk/lib/tinyusb/src/device/usbd.c.o
                0x00000000100059e0                usbd_edpt_release
 .text.usbd_edpt_xfer
                0x0000000010005a08       0x4c CMakeFiles/pico_micro_ros_example.dir/home/arnaud/pico-sdk/lib/tinyusb/src/device/usbd.c.o
                0x0000000010005a08                usbd_edpt_xfer
 .text.tud_control_status
                0x0000000010005a54       0x30 CMakeFiles/pico_micro_ros_example.dir/home/arnaud/pico-sdk/lib/tinyusb/src/device/usbd_control.c.o
                0x0000000010005a54                tud_control_status
 .text.tud_control_xfer
                0x0000000010005a84       0xbc CMakeFiles/pico_micro_ros_example.dir/home/arnaud/pico-sdk/lib/tinyusb/src/device/usbd_control.c.o
                0x0000000010005a84                tud_control_xfer
 .text.usbd_control_reset
                0x0000000010005b40       0x14 CMakeFiles/pico_micro_ros_example.dir/home/arnaud/pico-sdk/lib/tinyusb/src/device/usbd_control.c.o
                0x0000000010005b40                usbd_control_reset
 .text.usbd_control_set_complete_callback
                0x0000000010005b54        0xc CMakeFiles/pico_micro_ros_example.dir/home/arnaud/pico-sdk/lib/tinyusb/src/device/usbd_control.c.o
                0x0000000010005b54                usbd_control_set_complete_callback
 .text.usbd_control_set_request
                0x0000000010005b60       0x1c CMakeFiles/pico_micro_ros_example.dir/home/arnaud/pico-sdk/lib/tinyusb/src/device/usbd_control.c.o
                0x0000000010005b60                usbd_control_set_request
 .text.usbd_control_xfer_cb
                0x0000000010005b7c       0xf0 CMakeFiles/pico_micro_ros_example.dir/home/arnaud/pico-sdk/lib/tinyusb/src/device/usbd_control.c.o
                0x0000000010005b7c                usbd_control_xfer_cb
 .text._prep_out_transaction.isra.0
                0x0000000010005c6c       0x5c CMakeFiles/pico_micro_ros_example.dir/home/arnaud/pico-sdk/lib/tinyusb/src/class/cdc/cdc_device.c.o
 .text.tud_cdc_n_connected
                0x0000000010005cc8       0x30 CMakeFiles/pico_micro_ros_example.dir/home/arnaud/pico-sdk/lib/tinyusb/src/class/cdc/cdc_device.c.o
                0x0000000010005cc8                tud_cdc_n_connected
 .text.tud_cdc_n_available
                0x0000000010005cf8       0x18 CMakeFiles/pico_micro_ros_example.dir/home/arnaud/pico-sdk/lib/tinyusb/src/class/cdc/cdc_device.c.o
                0x0000000010005cf8                tud_cdc_n_available
 .text.tud_cdc_n_read
                0x0000000010005d10       0x98 CMakeFiles/pico_micro_ros_example.dir/home/arnaud/pico-sdk/lib/tinyusb/src/class/cdc/cdc_device.c.o
                0x0000000010005d10                tud_cdc_n_read
 .text.tud_cdc_n_write_flush
                0x0000000010005da8       0x78 CMakeFiles/pico_micro_ros_example.dir/home/arnaud/pico-sdk/lib/tinyusb/src/class/cdc/cdc_device.c.o
                0x0000000010005da8                tud_cdc_n_write_flush
 .text.tud_cdc_n_write
                0x0000000010005e20       0x44 CMakeFiles/pico_micro_ros_example.dir/home/arnaud/pico-sdk/lib/tinyusb/src/class/cdc/cdc_device.c.o
                0x0000000010005e20                tud_cdc_n_write
 .text.tud_cdc_n_write_available
                0x0000000010005e64       0x18 CMakeFiles/pico_micro_ros_example.dir/home/arnaud/pico-sdk/lib/tinyusb/src/class/cdc/cdc_device.c.o
                0x0000000010005e64                tud_cdc_n_write_available
 .text.cdcd_init
                0x0000000010005e7c       0x7c CMakeFiles/pico_micro_ros_example.dir/home/arnaud/pico-sdk/lib/tinyusb/src/class/cdc/cdc_device.c.o
                0x0000000010005e7c                cdcd_init
 .text.cdcd_deinit
                0x0000000010005ef8       0x24 CMakeFiles/pico_micro_ros_example.dir/home/arnaud/pico-sdk/lib/tinyusb/src/class/cdc/cdc_device.c.o
                0x0000000010005ef8                cdcd_deinit
 .text.cdcd_reset
                0x0000000010005f1c       0x4c CMakeFiles/pico_micro_ros_example.dir/home/arnaud/pico-sdk/lib/tinyusb/src/class/cdc/cdc_device.c.o
                0x0000000010005f1c                cdcd_reset
 .text.cdcd_open
                0x0000000010005f68       0xb4 CMakeFiles/pico_micro_ros_example.dir/home/arnaud/pico-sdk/lib/tinyusb/src/class/cdc/cdc_device.c.o
                0x0000000010005f68                cdcd_open
 .text.cdcd_control_xfer_cb
                0x000000001000601c       0xe4 CMakeFiles/pico_micro_ros_example.dir/home/arnaud/pico-sdk/lib/tinyusb/src/class/cdc/cdc_device.c.o
                0x000000001000601c                cdcd_control_xfer_cb
 .text.cdcd_xfer_cb
                0x0000000010006100       0xfc CMakeFiles/pico_micro_ros_example.dir/home/arnaud/pico-sdk/lib/tinyusb/src/class/cdc/cdc_device.c.o
                0x0000000010006100                cdcd_xfer_cb
 .text.vendord_init
                0x00000000100061fc       0x5c CMakeFiles/pico_micro_ros_example.dir/home/arnaud/pico-sdk/lib/tinyusb/src/class/vendor/vendor_device.c.o
                0x00000000100061fc                vendord_init
 .text.vendord_deinit
                0x0000000010006258       0x1c CMakeFiles/pico_micro_ros_example.dir/home/arnaud/pico-sdk/lib/tinyusb/src/class/vendor/vendor_device.c.o
                0x0000000010006258                vendord_deinit
 .text.vendord_reset
                0x0000000010006274       0x20 CMakeFiles/pico_micro_ros_example.dir/home/arnaud/pico-sdk/lib/tinyusb/src/class/vendor/vendor_device.c.o
                0x0000000010006274                vendord_reset
 .text.vendord_open
                0x0000000010006294      0x138 CMakeFiles/pico_micro_ros_example.dir/home/arnaud/pico-sdk/lib/tinyusb/src/class/vendor/vendor_device.c.o
                0x0000000010006294                vendord_open
 .text.vendord_xfer_cb
                0x00000000100063cc       0x9c CMakeFiles/pico_micro_ros_example.dir/home/arnaud/pico-sdk/lib/tinyusb/src/class/vendor/vendor_device.c.o
                0x00000000100063cc                vendord_xfer_cb
 .text.tusb_init
                0x0000000010006468        0xc CMakeFiles/pico_micro_ros_example.dir/home/arnaud/pico-sdk/lib/tinyusb/src/tusb.c.o
                0x0000000010006468                tusb_init
 .text.tu_edpt_claim
                0x0000000010006474       0x50 CMakeFiles/pico_micro_ros_example.dir/home/arnaud/pico-sdk/lib/tinyusb/src/tusb.c.o
                0x0000000010006474                tu_edpt_claim
 .text.tu_edpt_release
                0x00000000100064c4       0x38 CMakeFiles/pico_micro_ros_example.dir/home/arnaud/pico-sdk/lib/tinyusb/src/tusb.c.o
                0x00000000100064c4                tu_edpt_release
 .text.tu_edpt_validate
                0x00000000100064fc       0x78 CMakeFiles/pico_micro_ros_example.dir/home/arnaud/pico-sdk/lib/tinyusb/src/tusb.c.o
                0x00000000100064fc                tu_edpt_validate
 .text.tu_edpt_bind_driver
                0x0000000010006574       0x34 CMakeFiles/pico_micro_ros_example.dir/home/arnaud/pico-sdk/lib/tinyusb/src/tusb.c.o
                0x0000000010006574                tu_edpt_bind_driver
 .text.tu_edpt_stream_init
                0x00000000100065a8       0x6c CMakeFiles/pico_micro_ros_example.dir/home/arnaud/pico-sdk/lib/tinyusb/src/tusb.c.o
                0x00000000100065a8                tu_edpt_stream_init
 .text.tu_edpt_stream_deinit
                0x0000000010006614        0x4 CMakeFiles/pico_micro_ros_example.dir/home/arnaud/pico-sdk/lib/tinyusb/src/tusb.c.o
                0x0000000010006614                tu_edpt_stream_deinit
 .text.tu_edpt_stream_write_zlp_if_needed
                0x0000000010006618       0x58 CMakeFiles/pico_micro_ros_example.dir/home/arnaud/pico-sdk/lib/tinyusb/src/tusb.c.o
                0x0000000010006618                tu_edpt_stream_write_zlp_if_needed
 .text.tu_edpt_stream_write_xfer
                0x0000000010006670       0x64 CMakeFiles/pico_micro_ros_example.dir/home/arnaud/pico-sdk/lib/tinyusb/src/tusb.c.o
                0x0000000010006670                tu_edpt_stream_write_xfer
 .text.tu_edpt_stream_read_xfer
                0x00000000100066d4       0xdc CMakeFiles/pico_micro_ros_example.dir/home/arnaud/pico-sdk/lib/tinyusb/src/tusb.c.o
                0x00000000100066d4                tu_edpt_stream_read_xfer
 .text.tu_fifo_config
                0x00000000100067b0       0x70 CMakeFiles/pico_micro_ros_example.dir/home/arnaud/pico-sdk/lib/tinyusb/src/common/tusb_fifo.c.o
                0x00000000100067b0                tu_fifo_config
 .text.tu_fifo_count
                0x0000000010006820       0x2c CMakeFiles/pico_micro_ros_example.dir/home/arnaud/pico-sdk/lib/tinyusb/src/common/tusb_fifo.c.o
                0x0000000010006820                tu_fifo_count
 .text.tu_fifo_empty
                0x000000001000684c       0x10 CMakeFiles/pico_micro_ros_example.dir/home/arnaud/pico-sdk/lib/tinyusb/src/common/tusb_fifo.c.o
                0x000000001000684c                tu_fifo_empty
 .text.tu_fifo_remaining
                0x000000001000685c       0x2c CMakeFiles/pico_micro_ros_example.dir/home/arnaud/pico-sdk/lib/tinyusb/src/common/tusb_fifo.c.o
                0x000000001000685c                tu_fifo_remaining
 .text.tu_fifo_read
                0x0000000010006888       0xa0 CMakeFiles/pico_micro_ros_example.dir/home/arnaud/pico-sdk/lib/tinyusb/src/common/tusb_fifo.c.o
                0x0000000010006888                tu_fifo_read
 .text.tu_fifo_read_n
                0x0000000010006928       0xec CMakeFiles/pico_micro_ros_example.dir/home/arnaud/pico-sdk/lib/tinyusb/src/common/tusb_fifo.c.o
                0x0000000010006928                tu_fifo_read_n
 .text.tu_fifo_write
                0x0000000010006a14       0x88 CMakeFiles/pico_micro_ros_example.dir/home/arnaud/pico-sdk/lib/tinyusb/src/common/tusb_fifo.c.o
                0x0000000010006a14                tu_fifo_write
 .text.tu_fifo_write_n
                0x0000000010006a9c      0x168 CMakeFiles/pico_micro_ros_example.dir/home/arnaud/pico-sdk/lib/tinyusb/src/common/tusb_fifo.c.o
                0x0000000010006a9c                tu_fifo_write_n
 .text.tu_fifo_clear
                0x0000000010006c04       0x40 CMakeFiles/pico_micro_ros_example.dir/home/arnaud/pico-sdk/lib/tinyusb/src/common/tusb_fifo.c.o
                0x0000000010006c04                tu_fifo_clear
 .text.tu_fifo_set_overwritable
                0x0000000010006c44       0x48 CMakeFiles/pico_micro_ros_example.dir/home/arnaud/pico-sdk/lib/tinyusb/src/common/tusb_fifo.c.o
                0x0000000010006c44                tu_fifo_set_overwritable
 .text.rcl_get_zero_initialized_publisher
                0x0000000010006c8c        0xc /home/arnaud/micro_ros_raspberrypi_pico_sdk/libmicroros/libmicroros.a(librcl-publisher.c.obj)
                0x0000000010006c8c                rcl_get_zero_initialized_publisher
 .text.rcl_publisher_init
                0x0000000010006c98      0x138 /home/arnaud/micro_ros_raspberrypi_pico_sdk/libmicroros/libmicroros.a(librcl-publisher.c.obj)
                0x0000000010006c98                rcl_publisher_init
 .text.rcl_publisher_get_default_options
                0x0000000010006dd0       0x50 /home/arnaud/micro_ros_raspberrypi_pico_sdk/libmicroros/libmicroros.a(librcl-publisher.c.obj)
                0x0000000010006dd0                rcl_publisher_get_default_options
 .text.rcl_publish
                0x0000000010006e20       0x4c /home/arnaud/micro_ros_raspberrypi_pico_sdk/libmicroros/libmicroros.a(librcl-publisher.c.obj)
                0x0000000010006e20                rcl_publish
 .text.rcl_publisher_is_valid
                0x0000000010006e6c       0x30 /home/arnaud/micro_ros_raspberrypi_pico_sdk/libmicroros/libmicroros.a(librcl-publisher.c.obj)
                0x0000000010006e6c                rcl_publisher_is_valid
 .text.rcl_publisher_is_valid_except_context
                0x0000000010006e9c       0x1c /home/arnaud/micro_ros_raspberrypi_pico_sdk/libmicroros/libmicroros.a(librcl-publisher.c.obj)
                0x0000000010006e9c                rcl_publisher_is_valid_except_context
 .text._rclc_check_for_new_data
                0x0000000010006eb8       0x90 /home/arnaud/micro_ros_raspberrypi_pico_sdk/libmicroros/libmicroros.a(librclc-executor.c.obj)
 .text._rclc_take_new_data
                0x0000000010006f48      0x2c8 /home/arnaud/micro_ros_raspberrypi_pico_sdk/libmicroros/libmicroros.a(librclc-executor.c.obj)
 .text._rclc_execute.part.0
                0x0000000010007210      0x29c /home/arnaud/micro_ros_raspberrypi_pico_sdk/libmicroros/libmicroros.a(librclc-executor.c.obj)
 .text.rclc_executor_trigger_any
                0x00000000100074ac       0x7c /home/arnaud/micro_ros_raspberrypi_pico_sdk/libmicroros/libmicroros.a(librclc-executor.c.obj)
                0x00000000100074ac                rclc_executor_trigger_any
 .text.rclc_executor_init
                0x0000000010007528       0xc0 /home/arnaud/micro_ros_raspberrypi_pico_sdk/libmicroros/libmicroros.a(librclc-executor.c.obj)
                0x0000000010007528                rclc_executor_init
 .text.rclc_executor_add_subscription
                0x00000000100075e8       0x74 /home/arnaud/micro_ros_raspberrypi_pico_sdk/libmicroros/libmicroros.a(librclc-executor.c.obj)
                0x00000000100075e8                rclc_executor_add_subscription
 .text.rclc_executor_add_timer
                0x000000001000765c       0x58 /home/arnaud/micro_ros_raspberrypi_pico_sdk/libmicroros/libmicroros.a(librclc-executor.c.obj)
                0x000000001000765c                rclc_executor_add_timer
 .text.rclc_executor_prepare
                0x00000000100076b4       0x88 /home/arnaud/micro_ros_raspberrypi_pico_sdk/libmicroros/libmicroros.a(librclc-executor.c.obj)
                0x00000000100076b4                rclc_executor_prepare
 .text.rclc_executor_spin_some.part.0
                0x000000001000773c      0x378 /home/arnaud/micro_ros_raspberrypi_pico_sdk/libmicroros/libmicroros.a(librclc-executor.c.obj)
 .text.rclc_executor_spin_some
                0x0000000010007ab4       0x30 /home/arnaud/micro_ros_raspberrypi_pico_sdk/libmicroros/libmicroros.a(librclc-executor.c.obj)
                0x0000000010007ab4                rclc_executor_spin_some
 .text.rclc_executor_handle_counters_zero_init
                0x0000000010007ae4       0x18 /home/arnaud/micro_ros_raspberrypi_pico_sdk/libmicroros/libmicroros.a(librclc-executor_handle.c.obj)
                0x0000000010007ae4                rclc_executor_handle_counters_zero_init
 .text.rclc_executor_handle_init
                0x0000000010007afc       0x28 /home/arnaud/micro_ros_raspberrypi_pico_sdk/libmicroros/libmicroros.a(librclc-executor_handle.c.obj)
                0x0000000010007afc                rclc_executor_handle_init
 .text.rclc_support_init
                0x0000000010007b24       0x94 /home/arnaud/micro_ros_raspberrypi_pico_sdk/libmicroros/libmicroros.a(librclc-init.c.obj)
                0x0000000010007b24                rclc_support_init
 .text.rclc_node_init_default
                0x0000000010007bb8       0x74 /home/arnaud/micro_ros_raspberrypi_pico_sdk/libmicroros/libmicroros.a(librclc-node.c.obj)
                0x0000000010007bb8                rclc_node_init_default
 .text.rclc_publisher_init_default
                0x0000000010007c2c       0x68 /home/arnaud/micro_ros_raspberrypi_pico_sdk/libmicroros/libmicroros.a(librclc-publisher.c.obj)
                0x0000000010007c2c                rclc_publisher_init_default
 .text.rclc_subscription_init_default
                0x0000000010007c94       0x68 /home/arnaud/micro_ros_raspberrypi_pico_sdk/libmicroros/libmicroros.a(librclc-subscription.c.obj)
                0x0000000010007c94                rclc_subscription_init_default
 .text.rclc_timer_init_default
                0x0000000010007cfc       0x60 /home/arnaud/micro_ros_raspberrypi_pico_sdk/libmicroros/libmicroros.a(librclc-timer.c.obj)
                0x0000000010007cfc                rclc_timer_init_default
 .text.__default_zero_allocate
                0x0000000010007d5c        0x8 /home/arnaud/micro_ros_raspberrypi_pico_sdk/libmicroros/libmicroros.a(librcutils-allocator.c.obj)
 .text.__default_reallocate
                0x0000000010007d64        0x8 /home/arnaud/micro_ros_raspberrypi_pico_sdk/libmicroros/libmicroros.a(librcutils-allocator.c.obj)
 .text.__default_deallocate
                0x0000000010007d6c        0x8 /home/arnaud/micro_ros_raspberrypi_pico_sdk/libmicroros/libmicroros.a(librcutils-allocator.c.obj)
 .text.__default_allocate
                0x0000000010007d74        0x8 /home/arnaud/micro_ros_raspberrypi_pico_sdk/libmicroros/libmicroros.a(librcutils-allocator.c.obj)
 .text.rcutils_get_default_allocator
                0x0000000010007d7c       0x14 /home/arnaud/micro_ros_raspberrypi_pico_sdk/libmicroros/libmicroros.a(librcutils-allocator.c.obj)
                0x0000000010007d7c                rcutils_get_default_allocator
 .text.rcutils_allocator_is_valid
                0x0000000010007d90       0x24 /home/arnaud/micro_ros_raspberrypi_pico_sdk/libmicroros/libmicroros.a(librcutils-allocator.c.obj)
                0x0000000010007d90                rcutils_allocator_is_valid
 .text.rcutils_get_error_string
                0x0000000010007db4       0x34 /home/arnaud/micro_ros_raspberrypi_pico_sdk/libmicroros/libmicroros.a(librcutils-error_handling.c.obj)
                0x0000000010007db4                rcutils_get_error_string
 .text.rcutils_reset_error
                0x0000000010007de8       0x38 /home/arnaud/micro_ros_raspberrypi_pico_sdk/libmicroros/libmicroros.a(librcutils-error_handling.c.obj)
                0x0000000010007de8                rcutils_reset_error
 .text.rcutils_system_time_now
                0x0000000010007e20       0x4c /home/arnaud/micro_ros_raspberrypi_pico_sdk/libmicroros/libmicroros.a(librcutils-time_unix.c.obj)
                0x0000000010007e20                rcutils_system_time_now
 .text.rcutils_steady_time_now
                0x0000000010007e6c       0x4c /home/arnaud/micro_ros_raspberrypi_pico_sdk/libmicroros/libmicroros.a(librcutils-time_unix.c.obj)
                0x0000000010007e6c                rcutils_steady_time_now
 .text.rmw_get_default_publisher_options
                0x0000000010007eb8        0x8 /home/arnaud/micro_ros_raspberrypi_pico_sdk/libmicroros/libmicroros.a(librmw-publisher_options.c.obj)
                0x0000000010007eb8                rmw_get_default_publisher_options
 .text.rmw_uros_set_custom_transport
                0x0000000010007ec0       0x34 /home/arnaud/micro_ros_raspberrypi_pico_sdk/libmicroros/libmicroros.a(librmw_microxrcedds-custom_transport.c.obj)
                0x0000000010007ec0                rmw_uros_set_custom_transport
 .text.rmw_uros_ping_agent
                0x0000000010007ef4       0xa0 /home/arnaud/micro_ros_raspberrypi_pico_sdk/libmicroros/libmicroros.a(librmw_microxrcedds-ping.c.obj)
                0x0000000010007ef4                rmw_uros_ping_agent
 .text.flush_session
                0x0000000010007f94        0xc /home/arnaud/micro_ros_raspberrypi_pico_sdk/libmicroros/libmicroros.a(librmw_microxrcedds-rmw_publish.c.obj)
                0x0000000010007f94                flush_session
 .text.rmw_publish
                0x0000000010007fa0       0xd8 /home/arnaud/micro_ros_raspberrypi_pico_sdk/libmicroros/libmicroros.a(librmw_microxrcedds-rmw_publish.c.obj)
                0x0000000010007fa0                rmw_publish
 .text.rmw_create_publisher
                0x0000000010008078      0x20c /home/arnaud/micro_ros_raspberrypi_pico_sdk/libmicroros/libmicroros.a(librmw_microxrcedds-rmw_publisher.c.obj)
                0x0000000010008078                rmw_create_publisher
 .text.rmw_publisher_get_actual_qos
                0x0000000010008284       0x20 /home/arnaud/micro_ros_raspberrypi_pico_sdk/libmicroros/libmicroros.a(librmw_microxrcedds-rmw_publisher.c.obj)
                0x0000000010008284                rmw_publisher_get_actual_qos
 .text.rmw_destroy_publisher
                0x00000000100082a4       0xf4 /home/arnaud/micro_ros_raspberrypi_pico_sdk/libmicroros/libmicroros.a(librmw_microxrcedds-rmw_publisher.c.obj)
                0x00000000100082a4                rmw_destroy_publisher
 .text.rmw_uxrce_transport_init
                0x0000000010008398       0x2c /home/arnaud/micro_ros_raspberrypi_pico_sdk/libmicroros/libmicroros.a(librmw_microxrcedds-rmw_uxrce_transports.c.obj)
                0x0000000010008398                rmw_uxrce_transport_init
 .text.rmw_uxrce_init_service_memory
                0x00000000100083c4       0x48 /home/arnaud/micro_ros_raspberrypi_pico_sdk/libmicroros/libmicroros.a(librmw_microxrcedds-types.c.obj)
                0x00000000100083c4                rmw_uxrce_init_service_memory
 .text.rmw_uxrce_init_client_memory
                0x000000001000840c       0x48 /home/arnaud/micro_ros_raspberrypi_pico_sdk/libmicroros/libmicroros.a(librmw_microxrcedds-types.c.obj)
                0x000000001000840c                rmw_uxrce_init_client_memory
 .text.rmw_uxrce_init_publisher_memory
                0x0000000010008454       0x48 /home/arnaud/micro_ros_raspberrypi_pico_sdk/libmicroros/libmicroros.a(librmw_microxrcedds-types.c.obj)
                0x0000000010008454                rmw_uxrce_init_publisher_memory
 .text.rmw_uxrce_init_subscription_memory
                0x000000001000849c       0x48 /home/arnaud/micro_ros_raspberrypi_pico_sdk/libmicroros/libmicroros.a(librmw_microxrcedds-types.c.obj)
                0x000000001000849c                rmw_uxrce_init_subscription_memory
 .text.rmw_uxrce_init_node_memory
                0x00000000100084e4       0x48 /home/arnaud/micro_ros_raspberrypi_pico_sdk/libmicroros/libmicroros.a(librmw_microxrcedds-types.c.obj)
                0x00000000100084e4                rmw_uxrce_init_node_memory
 .text.rmw_uxrce_init_session_memory
                0x000000001000852c       0x50 /home/arnaud/micro_ros_raspberrypi_pico_sdk/libmicroros/libmicroros.a(librmw_microxrcedds-types.c.obj)
                0x000000001000852c                rmw_uxrce_init_session_memory
 .text.rmw_uxrce_init_topic_memory
                0x000000001000857c       0x48 /home/arnaud/micro_ros_raspberrypi_pico_sdk/libmicroros/libmicroros.a(librmw_microxrcedds-types.c.obj)
                0x000000001000857c                rmw_uxrce_init_topic_memory
 .text.rmw_uxrce_init_static_input_buffer_memory
                0x00000000100085c4       0x50 /home/arnaud/micro_ros_raspberrypi_pico_sdk/libmicroros/libmicroros.a(librmw_microxrcedds-types.c.obj)
                0x00000000100085c4                rmw_uxrce_init_static_input_buffer_memory
 .text.rmw_uxrce_init_init_options_impl_memory
                0x0000000010008614       0x48 /home/arnaud/micro_ros_raspberrypi_pico_sdk/libmicroros/libmicroros.a(librmw_microxrcedds-types.c.obj)
                0x0000000010008614                rmw_uxrce_init_init_options_impl_memory
 .text.rmw_uxrce_init_wait_set_memory
                0x000000001000865c       0x48 /home/arnaud/micro_ros_raspberrypi_pico_sdk/libmicroros/libmicroros.a(librmw_microxrcedds-types.c.obj)
                0x000000001000865c                rmw_uxrce_init_wait_set_memory
 .text.rmw_uxrce_init_guard_condition_memory
                0x00000000100086a4       0x48 /home/arnaud/micro_ros_raspberrypi_pico_sdk/libmicroros/libmicroros.a(librmw_microxrcedds-types.c.obj)
                0x00000000100086a4                rmw_uxrce_init_guard_condition_memory
 .text.rmw_uxrce_fini_session_memory
                0x00000000100086ec       0x10 /home/arnaud/micro_ros_raspberrypi_pico_sdk/libmicroros/libmicroros.a(librmw_microxrcedds-types.c.obj)
                0x00000000100086ec                rmw_uxrce_fini_session_memory
 .text.rmw_uxrce_fini_node_memory
                0x00000000100086fc       0x34 /home/arnaud/micro_ros_raspberrypi_pico_sdk/libmicroros/libmicroros.a(librmw_microxrcedds-types.c.obj)
                0x00000000100086fc                rmw_uxrce_fini_node_memory
 .text.rmw_uxrce_fini_publisher_memory
                0x0000000010008730       0x34 /home/arnaud/micro_ros_raspberrypi_pico_sdk/libmicroros/libmicroros.a(librmw_microxrcedds-types.c.obj)
                0x0000000010008730                rmw_uxrce_fini_publisher_memory
 .text.rmw_uxrce_fini_subscription_memory
                0x0000000010008764       0x34 /home/arnaud/micro_ros_raspberrypi_pico_sdk/libmicroros/libmicroros.a(librmw_microxrcedds-types.c.obj)
                0x0000000010008764                rmw_uxrce_fini_subscription_memory
 .text.rmw_uxrce_fini_service_memory
                0x0000000010008798       0x34 /home/arnaud/micro_ros_raspberrypi_pico_sdk/libmicroros/libmicroros.a(librmw_microxrcedds-types.c.obj)
                0x0000000010008798                rmw_uxrce_fini_service_memory
 .text.rmw_uxrce_fini_client_memory
                0x00000000100087cc       0x34 /home/arnaud/micro_ros_raspberrypi_pico_sdk/libmicroros/libmicroros.a(librmw_microxrcedds-types.c.obj)
                0x00000000100087cc                rmw_uxrce_fini_client_memory
 .text.rmw_uxrce_fini_topic_memory
                0x0000000010008800       0x18 /home/arnaud/micro_ros_raspberrypi_pico_sdk/libmicroros/libmicroros.a(librmw_microxrcedds-types.c.obj)
                0x0000000010008800                rmw_uxrce_fini_topic_memory
 .text.rmw_uxrce_get_static_input_buffer_for_entity
                0x0000000010008818       0xbc /home/arnaud/micro_ros_raspberrypi_pico_sdk/libmicroros/libmicroros.a(librmw_microxrcedds-types.c.obj)
                0x0000000010008818                rmw_uxrce_get_static_input_buffer_for_entity
 .text.rmw_uxrce_find_static_input_buffer_by_owner
                0x00000000100088d4       0x5c /home/arnaud/micro_ros_raspberrypi_pico_sdk/libmicroros/libmicroros.a(librmw_microxrcedds-types.c.obj)
                0x00000000100088d4                rmw_uxrce_find_static_input_buffer_by_owner
 .text.rmw_uxrce_clean_expired_static_input_buffer
                0x0000000010008930       0xfc /home/arnaud/micro_ros_raspberrypi_pico_sdk/libmicroros/libmicroros.a(librmw_microxrcedds-types.c.obj)
                0x0000000010008930                rmw_uxrce_clean_expired_static_input_buffer
 .text.run_xrce_session
                0x0000000010008a2c       0x40 /home/arnaud/micro_ros_raspberrypi_pico_sdk/libmicroros/libmicroros.a(librmw_microxrcedds-utils.c.obj)
                0x0000000010008a2c                run_xrce_session
 .text.convert_qos_profile
                0x0000000010008a6c       0x2c /home/arnaud/micro_ros_raspberrypi_pico_sdk/libmicroros/libmicroros.a(librmw_microxrcedds-utils.c.obj)
                0x0000000010008a6c                convert_qos_profile
 .text.generate_type_name
                0x0000000010008a98       0x68 /home/arnaud/micro_ros_raspberrypi_pico_sdk/libmicroros/libmicroros.a(librmw_microxrcedds-utils.c.obj)
                0x0000000010008a98                generate_type_name
 .text.generate_topic_name
                0x0000000010008b00       0x38 /home/arnaud/micro_ros_raspberrypi_pico_sdk/libmicroros/libmicroros.a(librmw_microxrcedds-utils.c.obj)
                0x0000000010008b00                generate_topic_name
 .text.is_uxrce_rmw_identifier_valid
                0x0000000010008b38       0x20 /home/arnaud/micro_ros_raspberrypi_pico_sdk/libmicroros/libmicroros.a(librmw_microxrcedds-utils.c.obj)
                0x0000000010008b38                is_uxrce_rmw_identifier_valid
 .text.get_message_typesupport_handle
                0x0000000010008b58        0x8 /home/arnaud/micro_ros_raspberrypi_pico_sdk/libmicroros/libmicroros.a(librosidl_runtime_c-message_type_support.c.obj)
                0x0000000010008b58                get_message_typesupport_handle
 .text.get_message_typesupport_handle_function
                0x0000000010008b60       0x18 /home/arnaud/micro_ros_raspberrypi_pico_sdk/libmicroros/libmicroros.a(librosidl_runtime_c-message_type_support.c.obj)
                0x0000000010008b60                get_message_typesupport_handle_function
 .text.rosidl_typesupport_c__get_message_type_support_handle__std_msgs__msg__Float32
                0x0000000010008b78       0x1c /home/arnaud/micro_ros_raspberrypi_pico_sdk/libmicroros/libmicroros.a(libstd_msgs__rosidl_typesupport_c-float32__type_support.cpp.obj)
                0x0000000010008b78                rosidl_typesupport_c__get_message_type_support_handle__std_msgs__msg__Float32
 .text.startup._GLOBAL__sub_I_rosidl_typesupport_c__get_message_type_support_handle__std_msgs__msg__Float32
                0x0000000010008b94       0x14 /home/arnaud/micro_ros_raspberrypi_pico_sdk/libmicroros/libmicroros.a(libstd_msgs__rosidl_typesupport_c-float32__type_support.cpp.obj)
 .text.rosidl_typesupport_c__get_message_type_support_handle__std_msgs__msg__Int32
                0x0000000010008ba8       0x1c /home/arnaud/micro_ros_raspberrypi_pico_sdk/libmicroros/libmicroros.a(libstd_msgs__rosidl_typesupport_c-int32__type_support.cpp.obj)
                0x0000000010008ba8                rosidl_typesupport_c__get_message_type_support_handle__std_msgs__msg__Int32
 .text.startup._GLOBAL__sub_I_rosidl_typesupport_c__get_message_type_support_handle__std_msgs__msg__Int32
                0x0000000010008bc4       0x14 /home/arnaud/micro_ros_raspberrypi_pico_sdk/libmicroros/libmicroros.a(libstd_msgs__rosidl_typesupport_c-int32__type_support.cpp.obj)
 .text.std_msgs__msg__Float32__rosidl_typesupport_introspection_c__Float32_init_function
                0x0000000010008bd8        0x8 /home/arnaud/micro_ros_raspberrypi_pico_sdk/libmicroros/libmicroros.a(libstd_msgs__rosidl_typesupport_introspection_c-float32__type_support.c.obj)
                0x0000000010008bd8                std_msgs__msg__Float32__rosidl_typesupport_introspection_c__Float32_init_function
 .text.std_msgs__msg__Float32__rosidl_typesupport_introspection_c__Float32_fini_function
                0x0000000010008be0        0x8 /home/arnaud/micro_ros_raspberrypi_pico_sdk/libmicroros/libmicroros.a(libstd_msgs__rosidl_typesupport_introspection_c-float32__type_support.c.obj)
                0x0000000010008be0                std_msgs__msg__Float32__rosidl_typesupport_introspection_c__Float32_fini_function
 .text.rosidl_typesupport_introspection_c__get_message_type_support_handle__std_msgs__msg__Float32
                0x0000000010008be8       0x1c /home/arnaud/micro_ros_raspberrypi_pico_sdk/libmicroros/libmicroros.a(libstd_msgs__rosidl_typesupport_introspection_c-float32__type_support.c.obj)
                0x0000000010008be8                rosidl_typesupport_introspection_c__get_message_type_support_handle__std_msgs__msg__Float32
 .text.std_msgs__msg__Int32__rosidl_typesupport_introspection_c__Int32_init_function
                0x0000000010008c04        0x8 /home/arnaud/micro_ros_raspberrypi_pico_sdk/libmicroros/libmicroros.a(libstd_msgs__rosidl_typesupport_introspection_c-int32__type_support.c.obj)
                0x0000000010008c04                std_msgs__msg__Int32__rosidl_typesupport_introspection_c__Int32_init_function
 .text.std_msgs__msg__Int32__rosidl_typesupport_introspection_c__Int32_fini_function
                0x0000000010008c0c        0x8 /home/arnaud/micro_ros_raspberrypi_pico_sdk/libmicroros/libmicroros.a(libstd_msgs__rosidl_typesupport_introspection_c-int32__type_support.c.obj)
                0x0000000010008c0c                std_msgs__msg__Int32__rosidl_typesupport_introspection_c__Int32_fini_function
 .text.rosidl_typesupport_introspection_c__get_message_type_support_handle__std_msgs__msg__Int32
                0x0000000010008c14       0x1c /home/arnaud/micro_ros_raspberrypi_pico_sdk/libmicroros/libmicroros.a(libstd_msgs__rosidl_typesupport_introspection_c-int32__type_support.c.obj)
                0x0000000010008c14                rosidl_typesupport_introspection_c__get_message_type_support_handle__std_msgs__msg__Int32
 .text._Float32__max_serialized_size
                0x0000000010008c30       0x10 /home/arnaud/micro_ros_raspberrypi_pico_sdk/libmicroros/libmicroros.a(libstd_msgs__rosidl_typesupport_microxrcedds_c-float32__type_support_c.c.obj)
 .text._Float32__cdr_deserialize
                0x0000000010008c40       0x10 /home/arnaud/micro_ros_raspberrypi_pico_sdk/libmicroros/libmicroros.a(libstd_msgs__rosidl_typesupport_microxrcedds_c-float32__type_support_c.c.obj)
 .text.get_serialized_size_std_msgs__msg__Float32
                0x0000000010008c50       0x18 /home/arnaud/micro_ros_raspberrypi_pico_sdk/libmicroros/libmicroros.a(libstd_msgs__rosidl_typesupport_microxrcedds_c-float32__type_support_c.c.obj)
                0x0000000010008c50                get_serialized_size_std_msgs__msg__Float32
 .text._Float32__cdr_serialize
                0x0000000010008c68       0x18 /home/arnaud/micro_ros_raspberrypi_pico_sdk/libmicroros/libmicroros.a(libstd_msgs__rosidl_typesupport_microxrcedds_c-float32__type_support_c.c.obj)
 .text._Float32__get_serialized_size
                0x0000000010008c80       0x18 /home/arnaud/micro_ros_raspberrypi_pico_sdk/libmicroros/libmicroros.a(libstd_msgs__rosidl_typesupport_microxrcedds_c-float32__type_support_c.c.obj)
 .text.rosidl_typesupport_microxrcedds_c__get_message_type_support_handle__std_msgs__msg__Float32
                0x0000000010008c98        0x8 /home/arnaud/micro_ros_raspberrypi_pico_sdk/libmicroros/libmicroros.a(libstd_msgs__rosidl_typesupport_microxrcedds_c-float32__type_support_c.c.obj)
                0x0000000010008c98                rosidl_typesupport_microxrcedds_c__get_message_type_support_handle__std_msgs__msg__Float32
 .text._Int32__max_serialized_size
                0x0000000010008ca0       0x10 /home/arnaud/micro_ros_raspberrypi_pico_sdk/libmicroros/libmicroros.a(libstd_msgs__rosidl_typesupport_microxrcedds_c-int32__type_support_c.c.obj)
 .text._Int32__cdr_deserialize
                0x0000000010008cb0       0x10 /home/arnaud/micro_ros_raspberrypi_pico_sdk/libmicroros/libmicroros.a(libstd_msgs__rosidl_typesupport_microxrcedds_c-int32__type_support_c.c.obj)
 .text.get_serialized_size_std_msgs__msg__Int32
                0x0000000010008cc0       0x18 /home/arnaud/micro_ros_raspberrypi_pico_sdk/libmicroros/libmicroros.a(libstd_msgs__rosidl_typesupport_microxrcedds_c-int32__type_support_c.c.obj)
                0x0000000010008cc0                get_serialized_size_std_msgs__msg__Int32
 .text._Int32__cdr_serialize
                0x0000000010008cd8       0x18 /home/arnaud/micro_ros_raspberrypi_pico_sdk/libmicroros/libmicroros.a(libstd_msgs__rosidl_typesupport_microxrcedds_c-int32__type_support_c.c.obj)
 .text._Int32__get_serialized_size
                0x0000000010008cf0       0x18 /home/arnaud/micro_ros_raspberrypi_pico_sdk/libmicroros/libmicroros.a(libstd_msgs__rosidl_typesupport_microxrcedds_c-int32__type_support_c.c.obj)
 .text.rosidl_typesupport_microxrcedds_c__get_message_type_support_handle__std_msgs__msg__Int32
                0x0000000010008d08        0x8 /home/arnaud/micro_ros_raspberrypi_pico_sdk/libmicroros/libmicroros.a(libstd_msgs__rosidl_typesupport_microxrcedds_c-int32__type_support_c.c.obj)
                0x0000000010008d08                rosidl_typesupport_microxrcedds_c__get_message_type_support_handle__std_msgs__msg__Int32
 .text.ucdr_serialize_bool
                0x0000000010008d10       0x2c /home/arnaud/micro_ros_raspberrypi_pico_sdk/libmicroros/libmicroros.a(libmicrocdr-basic.c.obj)
                0x0000000010008d10                ucdr_serialize_bool
 .text.ucdr_deserialize_bool
                0x0000000010008d3c       0x30 /home/arnaud/micro_ros_raspberrypi_pico_sdk/libmicroros/libmicroros.a(libmicrocdr-basic.c.obj)
                0x0000000010008d3c                ucdr_deserialize_bool
 .text.ucdr_serialize_uint8_t
                0x0000000010008d6c       0x2c /home/arnaud/micro_ros_raspberrypi_pico_sdk/libmicroros/libmicroros.a(libmicrocdr-basic.c.obj)
                0x0000000010008d6c                ucdr_serialize_uint8_t
 .text.ucdr_deserialize_uint8_t
                0x0000000010008d98       0x30 /home/arnaud/micro_ros_raspberrypi_pico_sdk/libmicroros/libmicroros.a(libmicrocdr-basic.c.obj)
                0x0000000010008d98                ucdr_deserialize_uint8_t
 .text.ucdr_serialize_uint16_t
                0x0000000010008dc8       0xf4 /home/arnaud/micro_ros_raspberrypi_pico_sdk/libmicroros/libmicroros.a(libmicrocdr-basic.c.obj)
                0x0000000010008dc8                ucdr_serialize_uint16_t
 .text.ucdr_serialize_endian_uint16_t
                0x0000000010008ebc      0x100 /home/arnaud/micro_ros_raspberrypi_pico_sdk/libmicroros/libmicroros.a(libmicrocdr-basic.c.obj)
                0x0000000010008ebc                ucdr_serialize_endian_uint16_t
 .text.ucdr_deserialize_uint16_t
                0x0000000010008fbc       0xec /home/arnaud/micro_ros_raspberrypi_pico_sdk/libmicroros/libmicroros.a(libmicrocdr-basic.c.obj)
                0x0000000010008fbc                ucdr_deserialize_uint16_t
 .text.ucdr_deserialize_endian_uint16_t
                0x00000000100090a8       0xf8 /home/arnaud/micro_ros_raspberrypi_pico_sdk/libmicroros/libmicroros.a(libmicrocdr-basic.c.obj)
                0x00000000100090a8                ucdr_deserialize_endian_uint16_t
 .text.ucdr_serialize_uint32_t
                0x00000000100091a0      0x11c /home/arnaud/micro_ros_raspberrypi_pico_sdk/libmicroros/libmicroros.a(libmicrocdr-basic.c.obj)
                0x00000000100091a0                ucdr_serialize_uint32_t
 .text.ucdr_serialize_endian_uint32_t
                0x00000000100092bc      0x11c /home/arnaud/micro_ros_raspberrypi_pico_sdk/libmicroros/libmicroros.a(libmicrocdr-basic.c.obj)
                0x00000000100092bc                ucdr_serialize_endian_uint32_t
 .text.ucdr_deserialize_uint32_t
                0x00000000100093d8      0x11c /home/arnaud/micro_ros_raspberrypi_pico_sdk/libmicroros/libmicroros.a(libmicrocdr-basic.c.obj)
                0x00000000100093d8                ucdr_deserialize_uint32_t
 .text.ucdr_deserialize_endian_uint32_t
                0x00000000100094f4      0x12c /home/arnaud/micro_ros_raspberrypi_pico_sdk/libmicroros/libmicroros.a(libmicrocdr-basic.c.obj)
                0x00000000100094f4                ucdr_deserialize_endian_uint32_t
 .text.ucdr_serialize_uint64_t
                0x0000000010009620      0x170 /home/arnaud/micro_ros_raspberrypi_pico_sdk/libmicroros/libmicroros.a(libmicrocdr-basic.c.obj)
                0x0000000010009620                ucdr_serialize_uint64_t
 .text.ucdr_serialize_int16_t
                0x0000000010009790       0xf4 /home/arnaud/micro_ros_raspberrypi_pico_sdk/libmicroros/libmicroros.a(libmicrocdr-basic.c.obj)
                0x0000000010009790                ucdr_serialize_int16_t
 .text.ucdr_deserialize_int16_t
                0x0000000010009884       0xec /home/arnaud/micro_ros_raspberrypi_pico_sdk/libmicroros/libmicroros.a(libmicrocdr-basic.c.obj)
                0x0000000010009884                ucdr_deserialize_int16_t
 .text.ucdr_serialize_int32_t
                0x0000000010009970      0x11c /home/arnaud/micro_ros_raspberrypi_pico_sdk/libmicroros/libmicroros.a(libmicrocdr-basic.c.obj)
                0x0000000010009970                ucdr_serialize_int32_t
 .text.ucdr_deserialize_int32_t
                0x0000000010009a8c      0x11c /home/arnaud/micro_ros_raspberrypi_pico_sdk/libmicroros/libmicroros.a(libmicrocdr-basic.c.obj)
                0x0000000010009a8c                ucdr_deserialize_int32_t
 .text.ucdr_serialize_float
                0x0000000010009ba8      0x11c /home/arnaud/micro_ros_raspberrypi_pico_sdk/libmicroros/libmicroros.a(libmicrocdr-basic.c.obj)
                0x0000000010009ba8                ucdr_serialize_float
 .text.ucdr_deserialize_float
                0x0000000010009cc4      0x11c /home/arnaud/micro_ros_raspberrypi_pico_sdk/libmicroros/libmicroros.a(libmicrocdr-basic.c.obj)
                0x0000000010009cc4                ucdr_deserialize_float
 .text.ucdr_check_buffer_available_for
                0x0000000010009de0       0x1c /home/arnaud/micro_ros_raspberrypi_pico_sdk/libmicroros/libmicroros.a(libmicrocdr-common.c.obj)
                0x0000000010009de0                ucdr_check_buffer_available_for
 .text.ucdr_check_final_buffer_behavior
                0x0000000010009dfc       0x38 /home/arnaud/micro_ros_raspberrypi_pico_sdk/libmicroros/libmicroros.a(libmicrocdr-common.c.obj)
                0x0000000010009dfc                ucdr_check_final_buffer_behavior
 .text.ucdr_set_on_full_buffer_callback
                0x0000000010009e34        0x8 /home/arnaud/micro_ros_raspberrypi_pico_sdk/libmicroros/libmicroros.a(libmicrocdr-common.c.obj)
                0x0000000010009e34                ucdr_set_on_full_buffer_callback
 .text.ucdr_init_buffer_origin_offset_endian
                0x0000000010009e3c       0x28 /home/arnaud/micro_ros_raspberrypi_pico_sdk/libmicroros/libmicroros.a(libmicrocdr-common.c.obj)
                0x0000000010009e3c                ucdr_init_buffer_origin_offset_endian
 .text.ucdr_init_buffer_origin_offset
                0x0000000010009e64       0x14 /home/arnaud/micro_ros_raspberrypi_pico_sdk/libmicroros/libmicroros.a(libmicrocdr-common.c.obj)
                0x0000000010009e64                ucdr_init_buffer_origin_offset
 .text.ucdr_init_buffer_origin
                0x0000000010009e78       0x10 /home/arnaud/micro_ros_raspberrypi_pico_sdk/libmicroros/libmicroros.a(libmicrocdr-common.c.obj)
                0x0000000010009e78                ucdr_init_buffer_origin
 .text.ucdr_init_buffer
                0x0000000010009e88        0xc /home/arnaud/micro_ros_raspberrypi_pico_sdk/libmicroros/libmicroros.a(libmicrocdr-common.c.obj)
                0x0000000010009e88                ucdr_init_buffer
 .text.ucdr_alignment
                0x0000000010009e94       0x10 /home/arnaud/micro_ros_raspberrypi_pico_sdk/libmicroros/libmicroros.a(libmicrocdr-common.c.obj)
                0x0000000010009e94                ucdr_alignment
 .text.ucdr_buffer_alignment
                0x0000000010009ea4       0x1c /home/arnaud/micro_ros_raspberrypi_pico_sdk/libmicroros/libmicroros.a(libmicrocdr-common.c.obj)
                0x0000000010009ea4                ucdr_buffer_alignment
 .text.ucdr_align_to
                0x0000000010009ec0       0x24 /home/arnaud/micro_ros_raspberrypi_pico_sdk/libmicroros/libmicroros.a(libmicrocdr-common.c.obj)
                0x0000000010009ec0                ucdr_align_to
 .text.ucdr_buffer_length
                0x0000000010009ee4        0x8 /home/arnaud/micro_ros_raspberrypi_pico_sdk/libmicroros/libmicroros.a(libmicrocdr-common.c.obj)
                0x0000000010009ee4                ucdr_buffer_length
 .text.ucdr_buffer_remaining